Component: ARM Compiler 5.05 update 1 (build 106) Tool: armlink [4d0efa]

==============================================================================

Section Cross References

    startup_stm32f103xe.o(STACK) refers (Special) to heapauxi.o(.text) for __use_two_region_memory
    startup_stm32f103xe.o(HEAP) refers (Special) to heapauxi.o(.text) for __use_two_region_memory
    startup_stm32f103xe.o(RESET) refers (Special) to heapauxi.o(.text) for __use_two_region_memory
    startup_stm32f103xe.o(RESET) refers to startup_stm32f103xe.o(STACK) for __initial_sp
    startup_stm32f103xe.o(RESET) refers to startup_stm32f103xe.o(.text) for Reset_Handler
    startup_stm32f103xe.o(RESET) refers to stm32f1xx_it.o(i.NMI_Handler) for NMI_Handler
    startup_stm32f103xe.o(RESET) refers to stm32f1xx_it.o(i.HardFault_Handler) for HardFault_Handler
    startup_stm32f103xe.o(RESET) refers to stm32f1xx_it.o(i.MemManage_Handler) for MemManage_Handler
    startup_stm32f103xe.o(RESET) refers to stm32f1xx_it.o(i.BusFault_Handler) for BusFault_Handler
    startup_stm32f103xe.o(RESET) refers to stm32f1xx_it.o(i.UsageFault_Handler) for UsageFault_Handler
    startup_stm32f103xe.o(RESET) refers to stm32f1xx_it.o(i.SVC_Handler) for SVC_Handler
    startup_stm32f103xe.o(RESET) refers to stm32f1xx_it.o(i.DebugMon_Handler) for DebugMon_Handler
    startup_stm32f103xe.o(RESET) refers to stm32f1xx_it.o(i.PendSV_Handler) for PendSV_Handler
    startup_stm32f103xe.o(RESET) refers to stm32f1xx_it.o(i.SysTick_Handler) for SysTick_Handler
    startup_stm32f103xe.o(RESET) refers to stm32f1xx_it.o(i.TIM4_IRQHandler) for TIM4_IRQHandler
    startup_stm32f103xe.o(RESET) refers to stm32f1xx_it.o(i.USART1_IRQHandler) for USART1_IRQHandler
    startup_stm32f103xe.o(RESET) refers to stm32f1xx_it.o(i.TIM6_IRQHandler) for TIM6_IRQHandler
    startup_stm32f103xe.o(.text) refers (Special) to heapauxi.o(.text) for __use_two_region_memory
    startup_stm32f103xe.o(.text) refers to system_stm32f1xx.o(i.SystemInit) for SystemInit
    startup_stm32f103xe.o(.text) refers to __main.o(!!!main) for __main
    startup_stm32f103xe.o(.text) refers to startup_stm32f103xe.o(HEAP) for Heap_Mem
    startup_stm32f103xe.o(.text) refers to startup_stm32f103xe.o(STACK) for Stack_Mem
    encoder.o(i.Encoder_GPIO_Init) refers to stm32f1xx_hal_gpio.o(i.HAL_GPIO_Init) for HAL_GPIO_Init
    encoder.o(i.Encoder_Init) refers to encoder.o(i.Encoder_GPIO_Init) for Encoder_GPIO_Init
    encoder.o(i.Encoder_Init) refers to encoder.o(i.TIM_Encoder_Init) for TIM_Encoder_Init
    encoder.o(i.TIM_Encoder_Init) refers to stm32f1xx_hal_tim.o(i.HAL_TIM_Encoder_Init) for HAL_TIM_Encoder_Init
    encoder.o(i.TIM_Encoder_Init) refers to stm32f1xx_hal_cortex.o(i.HAL_NVIC_SetPriority) for HAL_NVIC_SetPriority
    encoder.o(i.TIM_Encoder_Init) refers to stm32f1xx_hal_cortex.o(i.HAL_NVIC_EnableIRQ) for HAL_NVIC_EnableIRQ
    encoder.o(i.TIM_Encoder_Init) refers to stm32f1xx_hal_tim.o(i.HAL_TIM_Encoder_Start) for HAL_TIM_Encoder_Start
    encoder.o(i.TIM_Encoder_Init) refers to encoder.o(.bss) for .bss
    motor.o(i.motor_init) refers to motor_tim.o(i.Motor_TIMx_Configuration) for Motor_TIMx_Configuration
    motor.o(i.motor_init) refers to stm32f1xx_hal_gpio.o(i.HAL_GPIO_Init) for HAL_GPIO_Init
    motor.o(i.motor_pid_control) refers to _printf_percent.o(.ARM.Collect$$_printf_percent$$00000000) for _printf_percent
    motor.o(i.motor_pid_control) refers to _printf_d.o(.ARM.Collect$$_printf_percent$$00000009) for _printf_d
    motor.o(i.motor_pid_control) refers to _printf_f.o(.ARM.Collect$$_printf_percent$$00000003) for _printf_f
    motor.o(i.motor_pid_control) refers to _printf_dec.o(.text) for _printf_int_dec
    motor.o(i.motor_pid_control) refers to printf1.o(x$fpl$printf1) for _printf_fp_dec
    motor.o(i.motor_pid_control) refers to fflt_clz.o(x$fpl$fflt) for __aeabi_i2f
    motor.o(i.motor_pid_control) refers to pid.o(i.location_pid_realize) for location_pid_realize
    motor.o(i.motor_pid_control) refers to pid.o(i.set_pid_target) for set_pid_target
    motor.o(i.motor_pid_control) refers to fflt_clz.o(x$fpl$ffltu) for __aeabi_ui2f
    motor.o(i.motor_pid_control) refers to fdiv.o(x$fpl$fdiv) for __aeabi_fdiv
    motor.o(i.motor_pid_control) refers to f2d.o(x$fpl$f2d) for __aeabi_f2d
    motor.o(i.motor_pid_control) refers to ddiv.o(x$fpl$ddiv) for __aeabi_ddiv
    motor.o(i.motor_pid_control) refers to dfix.o(x$fpl$dfix) for __aeabi_d2iz
    motor.o(i.motor_pid_control) refers to pid.o(i.speed_pid_realize) for speed_pid_realize
    motor.o(i.motor_pid_control) refers to motor.o(i.set_motor_direction) for set_motor_direction
    motor.o(i.motor_pid_control) refers to ffixu.o(x$fpl$ffixu) for __aeabi_f2uiz
    motor.o(i.motor_pid_control) refers to motor.o(i.set_motor_speed) for set_motor_speed
    motor.o(i.motor_pid_control) refers to pid.o(i.get_pid_target) for get_pid_target
    motor.o(i.motor_pid_control) refers to noretval__2printf.o(.text) for __2printf
[...]
    .text                                    0x080002c0   Section        0  __printf_wp.o(.text)
    .text                                    0x080003ce   Section      138  rt_memcpy_v6.o(.text)
    .text                                    0x08000458   Section       78  rt_memclr_w.o(.text)
    .text                                    0x080004a6   Section        0  heapauxi.o(.text)
    .text                                    0x080004ac   Section        2  use_no_semi.o(.text)
    .text                                    0x080004ae   Section        0  _printf_intcommon.o(.text)
    .text                                    0x08000560   Section        0  _printf_fp_dec.o(.text)
    _fp_digits                               0x08000563   Thumb Code   428  _printf_fp_dec.o(.text)
    .text                                    0x0800097c   Section        0  _printf_char_file.o(.text)
    .text                                    0x080009a0   Section      100  rt_memcpy_w.o(.text)
    .text                                    0x08000a04   Section        8  rt_locale_intlibspace.o(.text)
    .text                                    0x08000a0c   Section      138  lludiv10.o(.text)
    .text                                    0x08000a98   Section        0  _printf_char_common.o(.text)
    _printf_input_char                       0x08000a99   Thumb Code    10  _printf_char_common.o(.text)
    .text                                    0x08000ac8   Section        0  _printf_fp_infnan.o(.text)
    .text                                    0x08000b48   Section        0  bigflt0.o(.text)
    .text                                    0x08000c24   Section        0  ferror.o(.text)
    .text                                    0x08000c2c   Section        8  libspace.o(.text)
    .text                                    0x08000c34   Section       74  sys_stackheap_outer.o(.text)
    .text                                    0x08000c7e   Section        0  exit.o(.text)
    .text                                    0x08000c8c   Section      128  strcmpv7m.o(.text)
    CL$$btod_d2e                             0x08000d0c   Section       62  btod.o(CL$$btod_d2e)
    CL$$btod_d2e_denorm_low                  0x08000d4a   Section       70  btod.o(CL$$btod_d2e_denorm_low)
    CL$$btod_d2e_norm_op1                    0x08000d90   Section       96  btod.o(CL$$btod_d2e_norm_op1)
    CL$$btod_div_common                      0x08000df0   Section      824  btod.o(CL$$btod_div_common)
    CL$$btod_e2e                             0x08001128   Section      198  btod.o(CL$$btod_e2e)
    CL$$btod_ediv                            0x080011ee   Section       40  btod.o(CL$$btod_ediv)
    CL$$btod_emul                            0x08001216   Section       40  btod.o(CL$$btod_emul)
    CL$$btod_mult_common                     0x0800123e   Section      580  btod.o(CL$$btod_mult_common)
    i.BusFault_Handler                       0x08001482   Section        0  stm32f1xx_it.o(i.BusFault_Handler)
    i.DEBUG_USART_Config                     0x08001484   Section        0  serial_port.o(i.DEBUG_USART_Config)
    i.DebugMon_Handler                       0x080014bc   Section        0  stm32f1xx_it.o(i.DebugMon_Handler)
    i.Encoder_GPIO_Init                      0x080014c0   Section        0  encoder.o(i.Encoder_GPIO_Init)
    Encoder_GPIO_Init                        0x080014c1   Thumb Code    96  encoder.o(i.Encoder_GPIO_Init)
    i.Encoder_Init                           0x0800152c   Section        0  encoder.o(i.Encoder_Init)
    i.Error_Handler                          0x0800153a   Section        0  main.o(i.Error_Handler)
    i.HAL_DMA_Abort                          0x0800153e   Section        0  stm32f1xx_hal_dma.o(i.HAL_DMA_Abort)
    i.HAL_DMA_Abort_IT                       0x08001584   Section        0  stm32f1xx_hal_dma.o(i.HAL_DMA_Abort_IT)
    i.HAL_GPIO_Init                          0x080016b4   Section        0  stm32f1xx_hal_gpio.o(i.HAL_GPIO_Init)
    i.HAL_GPIO_WritePin                      0x080018ac   Section        0  stm32f1xx_hal_gpio.o(i.HAL_GPIO_WritePin)
    i.HAL_GetTick                            0x080018b8   Section        0  stm32f1xx_hal.o(i.HAL_GetTick)
    i.HAL_IncTick                            0x080018c4   Section        0  stm32f1xx_hal.o(i.HAL_IncTick)
    i.HAL_Init                               0x080018d4   Section        0  stm32f1xx_hal.o(i.HAL_Init)
    i.HAL_InitTick                           0x080018f8   Section        0  stm32f1xx_hal.o(i.HAL_InitTick)
    i.HAL_MspInit                            0x08001938   Section        0  stm32f1xx_hal_msp.o(i.HAL_MspInit)
    i.HAL_NVIC_EnableIRQ                     0x08001974   Section        0  stm32f1xx_hal_cortex.o(i.HAL_NVIC_EnableIRQ)
    i.HAL_NVIC_SetPriority                   0x08001990   Section        0  stm32f1xx_hal_cortex.o(i.HAL_NVIC_SetPriority)
    i.HAL_NVIC_SetPriorityGrouping           0x080019d0   Section        0  stm32f1xx_hal_cortex.o(i.HAL_NVIC_SetPriorityGrouping)
    i.HAL_NVIC_SystemReset                   0x080019f4   Section        0  stm32f1xx_hal_cortex.o(i.HAL_NVIC_SystemReset)
    i.HAL_RCC_ClockConfig                    0x08001a18   Section        0  stm32f1xx_hal_rcc.o(i.HAL_RCC_ClockConfig)
    i.HAL_RCC_GetPCLK1Freq                   0x08001b44   Section        0  stm32f1xx_hal_rcc.o(i.HAL_RCC_GetPCLK1Freq)
    i.HAL_RCC_GetPCLK2Freq                   0x08001b64   Section        0  stm32f1xx_hal_rcc.o(i.HAL_RCC_GetPCLK2Freq)
    i.HAL_RCC_GetSysClockFreq                0x08001b84   Section        0  stm32f1xx_hal_rcc.o(i.HAL_RCC_GetSysClockFreq)
    i.HAL_RCC_OscConfig                      0x08001bd0   Section        0  stm32f1xx_hal_rcc.o(i.HAL_RCC_OscConfig)
    i.HAL_SYSTICK_Config                     0x08001ef0   Section        0  stm32f1xx_hal_cortex.o(i.HAL_SYSTICK_Config)
    i.HAL_TIMEx_BreakCallback                0x08001f18   Section        0  stm32f1xx_hal_tim_ex.o(i.HAL_TIMEx_BreakCallback)
    i.HAL_TIMEx_CommutCallback               0x08001f1a   Section        0  stm32f1xx_hal_tim_ex.o(i.HAL_TIMEx_CommutCallback)
    i.HAL_TIMEx_ConfigBreakDeadTime          0x08001f1c   Section        0  stm32f1xx_hal_tim_ex.o(i.HAL_TIMEx_ConfigBreakDeadTime)
    i.HAL_TIMEx_MasterConfigSynchronization  0x08001f70   Section        0  stm32f1xx_hal_tim_ex.o(i.HAL_TIMEx_MasterConfigSynchronization)
    i.HAL_TIM_Base_Init                      0x08001fec   Section        0  stm32f1xx_hal_tim.o(i.HAL_TIM_Base_Init)
    i.HAL_TIM_Base_MspInit                   0x08002048   Section        0  tim.o(i.HAL_TIM_Base_MspInit)
    i.HAL_TIM_Base_Start_IT                  0x080020c4   Section        0  stm32f1xx_hal_tim.o(i.HAL_TIM_Base_Start_IT)
    i.HAL_TIM_ConfigClockSource              0x08002130   Section        0  stm32f1xx_hal_tim.o(i.HAL_TIM_ConfigClockSource)
    i.HAL_TIM_Encoder_Init                   0x0800220c   Section        0  stm32f1xx_hal_tim.o(i.HAL_TIM_Encoder_Init)
    i.HAL_TIM_Encoder_MspInit                0x080022b0   Section        0  stm32f1xx_hal_tim.o(i.HAL_TIM_Encoder_MspInit)
    i.HAL_TIM_Encoder_Start                  0x080022b2   Section        0  stm32f1xx_hal_tim.o(i.HAL_TIM_Encoder_Start)
    i.HAL_TIM_IC_CaptureCallback             0x08002340   Section        0  stm32f1xx_hal_tim.o(i.HAL_TIM_IC_CaptureCallback)
    i.HAL_TIM_IRQHandler                     0x08002342   Section        0  stm32f1xx_hal_tim.o(i.HAL_TIM_IRQHandler)
    i.HAL_TIM_MspPostInit                    0x080024a8   Section        0  tim.o(i.HAL_TIM_MspPostInit)
    i.HAL_TIM_OC_ConfigChannel               0x08002548   Section        0  stm32f1xx_hal_tim.o(i.HAL_TIM_OC_ConfigChannel)
    i.HAL_TIM_OC_DelayElapsedCallback        0x0800259a   Section        0  stm32f1xx_hal_tim.o(i.HAL_TIM_OC_DelayElapsedCallback)
    i.HAL_TIM_OC_Init                        0x0800259c   Section        0  stm32f1xx_hal_tim.o(i.HAL_TIM_OC_Init)
    i.HAL_TIM_OC_MspInit                     0x080025f6   Section        0  stm32f1xx_hal_tim.o(i.HAL_TIM_OC_MspInit)
    i.HAL_TIM_PWM_ConfigChannel              0x080025f8   Section        0  stm32f1xx_hal_tim.o(i.HAL_TIM_PWM_ConfigChannel)
    i.HAL_TIM_PWM_Init                       0x080026c4   Section        0  stm32f1xx_hal_tim.o(i.HAL_TIM_PWM_Init)
    i.HAL_TIM_PWM_MspInit                    0x0800271e   Section        0  stm32f1xx_hal_tim.o(i.HAL_TIM_PWM_MspInit)
    i.HAL_TIM_PWM_PulseFinishedCallback      0x08002720   Section        0  stm32f1xx_hal_tim.o(i.HAL_TIM_PWM_PulseFinishedCallback)
    i.HAL_TIM_PWM_Start                      0x08002724   Section        0  stm32f1xx_hal_tim.o(i.HAL_TIM_PWM_Start)
    i.HAL_TIM_PWM_Stop                       0x080027d8   Section        0  stm32f1xx_hal_tim.o(i.HAL_TIM_PWM_Stop)
    i.HAL_TIM_PeriodElapsedCallback          0x08002854   Section        0  stm32f1xx_it.o(i.HAL_TIM_PeriodElapsedCallback)
    i.HAL_TIM_TriggerCallback                0x08002888   Section        0  stm32f1xx_hal_tim.o(i.HAL_TIM_TriggerCallback)
    i.HAL_UARTEx_RxEventCallback             0x0800288a   Section        0  stm32f1xx_hal_uart.o(i.HAL_UARTEx_RxEventCallback)
    i.HAL_UART_ErrorCallback                 0x0800288c   Section        0  stm32f1xx_hal_uart.o(i.HAL_UART_ErrorCallback)
    i.HAL_UART_IRQHandler                    0x08002890   Section        0  stm32f1xx_hal_uart.o(i.HAL_UART_IRQHandler)
    i.HAL_UART_Init                          0x08002afc   Section        0  stm32f1xx_hal_uart.o(i.HAL_UART_Init)
    i.HAL_UART_MspInit                       0x08002b60   Section        0  usart.o(i.HAL_UART_MspInit)
    i.HAL_UART_RxCpltCallback                0x08002be0   Section        0  stm32f1xx_hal_uart.o(i.HAL_UART_RxCpltCallback)
    i.HAL_UART_TxCpltCallback                0x08002be2   Section        0  stm32f1xx_hal_uart.o(i.HAL_UART_TxCpltCallback)
    i.HardFault_Handler                      0x08002be4   Section        0  stm32f1xx_it.o(i.HardFault_Handler)
    i.MX_GPIO_Init                           0x08002be8   Section        0  gpio.o(i.MX_GPIO_Init)
    i.MX_TIM1_Init                           0x08002c64   Section        0  tim.o(i.MX_TIM1_Init)
    i.MX_TIM4_Init                           0x08002d38   Section        0  tim.o(i.MX_TIM4_Init)
    i.MX_TIM6_Init                           0x08002ddc   Section        0  tim.o(i.MX_TIM6_Init)
    i.MX_USART1_UART_Init                    0x08002e20   Section        0  usart.o(i.MX_USART1_UART_Init)
    i.MemManage_Handler                      0x08002e58   Section        0  stm32f1xx_it.o(i.MemManage_Handler)
    i.Motor_TIMx_Configuration               0x08002e5c   Section        0  motor_tim.o(i.Motor_TIMx_Configuration)
    i.NMI_Handler                            0x08002ecc   Section        0  stm32f1xx_it.o(i.NMI_Handler)
    i.PID_param_init                         0x08002ed0   Section        0  pid.o(i.PID_param_init)
    i.PendSV_Handler                         0x08002f18   Section        0  stm32f1xx_it.o(i.PendSV_Handler)
    i.SVC_Handler                            0x08002f1a   Section        0  stm32f1xx_it.o(i.SVC_Handler)
    i.SysTick_Handler                        0x08002f1c   Section        0  stm32f1xx_it.o(i.SysTick_Handler)
    i.SystemClock_Config                     0x08002f20   Section        0  main.o(i.SystemClock_Config)
    i.SystemInit                             0x08002f7e   Section        0  system_stm32f1xx.o(i.SystemInit)
    i.TIM1_SetPWM_pulse                      0x08002f80   Section        0  motor_tim.o(i.TIM1_SetPWM_pulse)
    i.TIM4_IRQHandler                        0x08002fa8   Section        0  stm32f1xx_it.o(i.TIM4_IRQHandler)
    i.TIM6_IRQHandler                        0x08002fb4   Section        0  stm32f1xx_it.o(i.TIM6_IRQHandler)
    i.TIM_Base_SetConfig                     0x08002fc0   Section        0  stm32f1xx_hal_tim.o(i.TIM_Base_SetConfig)
    i.TIM_CCxChannelCmd                      0x0800304c   Section        0  stm32f1xx_hal_tim.o(i.TIM_CCxChannelCmd)
    i.TIM_ETR_SetConfig                      0x08003066   Section        0  stm32f1xx_hal_tim.o(i.TIM_ETR_SetConfig)
    i.TIM_Encoder_Init                       0x0800307c   Section        0  encoder.o(i.TIM_Encoder_Init)
    TIM_Encoder_Init                         0x0800307d   Thumb Code   132  encoder.o(i.TIM_Encoder_Init)
    i.TIM_ITRx_SetConfig                     0x0800310c   Section        0  stm32f1xx_hal_tim.o(i.TIM_ITRx_SetConfig)
    TIM_ITRx_SetConfig                       0x0800310d   Thumb Code    16  stm32f1xx_hal_tim.o(i.TIM_ITRx_SetConfig)
    i.TIM_OC1_SetConfig                      0x0800311c   Section        0  stm32f1xx_hal_tim.o(i.TIM_OC1_SetConfig)
    TIM_OC1_SetConfig                        0x0800311d   Thumb Code    88  stm32f1xx_hal_tim.o(i.TIM_OC1_SetConfig)
    i.TIM_OC2_SetConfig                      0x0800317c   Section        0  stm32f1xx_hal_tim.o(i.TIM_OC2_SetConfig)
    i.TIM_OC3_SetConfig                      0x080031e8   Section        0  stm32f1xx_hal_tim.o(i.TIM_OC3_SetConfig)
    TIM_OC3_SetConfig                        0x080031e9   Thumb Code    96  stm32f1xx_hal_tim.o(i.TIM_OC3_SetConfig)
    i.TIM_OC4_SetConfig                      0x08003250   Section        0  stm32f1xx_hal_tim.o(i.TIM_OC4_SetConfig)
    TIM_OC4_SetConfig                        0x08003251   Thumb Code    70  stm32f1xx_hal_tim.o(i.TIM_OC4_SetConfig)
    i.TIM_PWMOUTPUT_Config                   0x080032a0   Section        0  motor_tim.o(i.TIM_PWMOUTPUT_Config)
    TIM_PWMOUTPUT_Config                     0x080032a1   Thumb Code   114  motor_tim.o(i.TIM_PWMOUTPUT_Config)
    i.TIM_TI1_ConfigInputStage               0x08003320   Section        0  stm32f1xx_hal_tim.o(i.TIM_TI1_ConfigInputStage)
    TIM_TI1_ConfigInputStage                 0x08003321   Thumb Code    34  stm32f1xx_hal_tim.o(i.TIM_TI1_ConfigInputStage)
    i.TIM_TI2_ConfigInputStage               0x08003342   Section        0  stm32f1xx_hal_tim.o(i.TIM_TI2_ConfigInputStage)
    TIM_TI2_ConfigInputStage                 0x08003343   Thumb Code    36  stm32f1xx_hal_tim.o(i.TIM_TI2_ConfigInputStage)
    i.TIMx_Configuration                     0x08003368   Section        0  basic_tim.o(i.TIMx_Configuration)
    i.UART_DMAAbortOnError                   0x080033c0   Section        0  stm32f1xx_hal_uart.o(i.UART_DMAAbortOnError)
    UART_DMAAbortOnError                     0x080033c1   Thumb Code    16  stm32f1xx_hal_uart.o(i.UART_DMAAbortOnError)
    i.UART_EndRxTransfer                     0x080033d0   Section        0  stm32f1xx_hal_uart.o(i.UART_EndRxTransfer)
    UART_EndRxTransfer                       0x080033d1   Thumb Code    78  stm32f1xx_hal_uart.o(i.UART_EndRxTransfer)
    i.UART_Receive_IT                        0x0800341e   Section        0  stm32f1xx_hal_uart.o(i.UART_Receive_IT)
    UART_Receive_IT                          0x0800341f   Thumb Code   194  stm32f1xx_hal_uart.o(i.UART_Receive_IT)
    i.UART_SetConfig                         0x080034e0   Section        0  stm32f1xx_hal_uart.o(i.UART_SetConfig)
    UART_SetConfig                           0x080034e1   Thumb Code   178  stm32f1xx_hal_uart.o(i.UART_SetConfig)
    i.USART1_IRQHandler                      0x08003598   Section        0  stm32f1xx_it.o(i.USART1_IRQHandler)
    i.UsageFault_Handler                     0x080035c4   Section        0  stm32f1xx_it.o(i.UsageFault_Handler)
    i.__ARM_fpclassify                       0x080035c6   Section        0  fpclassify.o(i.__ARM_fpclassify)
    i.__NVIC_SetPriority                     0x080035ee   Section        0  stm32f1xx_hal_cortex.o(i.__NVIC_SetPriority)
    __NVIC_SetPriority                       0x080035ef   Thumb Code    32  stm32f1xx_hal_cortex.o(i.__NVIC_SetPriority)
    i._is_digit                              0x0800360e   Section        0  __printf_wp.o(i._is_digit)
    i._sys_exit                              0x0800361c   Section        0  serial_port.o(i._sys_exit)
    i.check_sum                              0x08003620   Section        0  protocol.o(i.check_sum)
    i.fputc                                  0x08003634   Section        0  serial_port.o(i.fputc)
    i.get_pid_target                         0x0800364c   Section        0  pid.o(i.get_pid_target)
    i.location_pid_realize                   0x08003650   Section        0  pid.o(i.location_pid_realize)
    i.main                                   0x080036bc   Section        0  main.o(i.main)
    i.motor_init                             0x0800372c   Section        0  motor.o(i.motor_init)
    i.motor_pid_control                      0x08003768   Section        0  motor.o(i.motor_pid_control)
    i.protocol_data_recv                     0x080038d0   Section        0  protocol.o(i.protocol_data_recv)
    i.protocol_frame_parse                   0x08003928   Section        0  protocol.o(i.protocol_frame_parse)
    protocol_frame_parse                     0x08003929   Thumb Code   430  protocol.o(i.protocol_frame_parse)
    i.protocol_init                          0x08003ae0   Section        0  protocol.o(i.protocol_init)
    i.receiving_process                      0x08003af8   Section        0  protocol.o(i.receiving_process)
    i.recvbuf_get_len_to_parse               0x08003bdc   Section        0  protocol.o(i.recvbuf_get_len_to_parse)
    recvbuf_get_len_to_parse                 0x08003bdd   Thumb Code    26  protocol.o(i.recvbuf_get_len_to_parse)
    i.set_motor_direction                    0x08003bf8   Section        0  motor.o(i.set_motor_direction)
    i.set_motor_disable                      0x08003c24   Section        0  motor.o(i.set_motor_disable)
    i.set_motor_enable                       0x08003c58   Section        0  motor.o(i.set_motor_enable)
    i.set_motor_speed                        0x08003c8c   Section        0  motor.o(i.set_motor_speed)
    i.set_p_i_d                              0x08003cac   Section        0  pid.o(i.set_p_i_d)
    i.set_pid_target                         0x08003cb4   Section        0  pid.o(i.set_pid_target)
    i.speed_pid_realize                      0x08003cb8   Section        0  pid.o(i.speed_pid_realize)
    locale$$code                             0x08003d24   Section       44  lc_numeric_c.o(locale$$code)
    x$fpl$ddiv                               0x08003d50   Section      688  ddiv.o(x$fpl$ddiv)
    ddiv_entry                               0x08003d57   Thumb Code     0  ddiv.o(x$fpl$ddiv)
    x$fpl$dfix                               0x08004000   Section       94  dfix.o(x$fpl$dfix)
    x$fpl$dnaninf                            0x0800405e   Section      156  dnaninf.o(x$fpl$dnaninf)
    x$fpl$dretinf                            0x080040fa   Section       12  dretinf.o(x$fpl$dretinf)
    x$fpl$f2d                                0x08004108   Section       86  f2d.o(x$fpl$f2d)
    x$fpl$fadd                               0x08004160   Section      196  faddsub_clz.o(x$fpl$fadd)
    _fadd1                                   0x0800416f   Thumb Code     0  faddsub_clz.o(x$fpl$fadd)
    x$fpl$fdiv                               0x08004224   Section      388  fdiv.o(x$fpl$fdiv)
    _fdiv1                                   0x08004225   Thumb Code     0  fdiv.o(x$fpl$fdiv)
    x$fpl$ffixu                              0x080043a8   Section       62  ffixu.o(x$fpl$ffixu)
    x$fpl$fflt                               0x080043e8   Section       48  fflt_clz.o(x$fpl$fflt)
    x$fpl$ffltu                              0x08004418   Section       38  fflt_clz.o(x$fpl$ffltu)
    x$fpl$fmul                               0x08004440   Section      258  fmul.o(x$fpl$fmul)
    x$fpl$fnaninf                            0x08004542   Section      140  fnaninf.o(x$fpl$fnaninf)
    x$fpl$fretinf                            0x080045ce   Section       10  fretinf.o(x$fpl$fretinf)
    x$fpl$fsub                               0x080045d8   Section      234  faddsub_clz.o(x$fpl$fsub)
    _fsub1                                   0x080045e7   Thumb Code     0  faddsub_clz.o(x$fpl$fsub)
    x$fpl$printf1                            0x080046c2   Section        4  printf1.o(x$fpl$printf1)
    .constdata                               0x080046c6   Section       18  stm32f1xx_hal_rcc.o(.constdata)
    x$fpl$usenofp                            0x080046c6   Section        0  usenofp.o(x$fpl$usenofp)
    aPredivFactorTable                       0x080046c6   Data           2  stm32f1xx_hal_rcc.o(.constdata)
    aPLLMULFactorTable                       0x080046c8   Data          16  stm32f1xx_hal_rcc.o(.constdata)
    .constdata                               0x080046d8   Section       16  system_stm32f1xx.o(.constdata)
    .constdata                               0x080046e8   Section        8  system_stm32f1xx.o(.constdata)
    .constdata                               0x080046f0   Section      148  bigflt0.o(.constdata)
    tenpwrs_x                                0x080046f0   Data          60  bigflt0.o(.constdata)
    tenpwrs_i                                0x0800472c   Data          64  bigflt0.o(.constdata)
    locale$$data                             0x080047a4   Section       28  lc_numeric_c.o(locale$$data)
    __lcnum_c_name                           0x080047a8   Data           2  lc_numeric_c.o(locale$$data)
    __lcnum_c_start                          0x080047b0   Data           0  lc_numeric_c.o(locale$$data)
    __lcnum_c_point                          0x080047bc   Data           0  lc_numeric_c.o(locale$$data)
    __lcnum_c_thousands                      0x080047be   Data           0  lc_numeric_c.o(locale$$data)
    __lcnum_c_grouping                       0x080047bf   Data           0  lc_numeric_c.o(locale$$data)
    __lcnum_c_end                            0x080047c0   Data           0  lc_numeric_c.o(locale$$data)
    .data                                    0x20000000   Section        2  encoder.o(.data)
    .data                                    0x20000004   Section       16  motor.o(.data)
    direction                                0x20000004   Data           1  motor.o(.data)
    is_motor_en                              0x20000005   Data           1  motor.o(.data)
    dutyfactor                               0x20000006   Data           2  motor.o(.data)
    location_timer                           0x20000008   Data           4  motor.o(.data)
    Capture_Count                            0x2000000c   Data           4  motor.o(.data)
    Last_Count                               0x20000010   Data           4  motor.o(.data)
    .data                                    0x20000014   Section        4  serial_port.o(.data)
    .data                                    0x20000018   Section        2  stm32f1xx_it.o(.data)
    .data                                    0x2000001c   Section       12  stm32f1xx_hal.o(.data)
    .data                                    0x20000028   Section        4  system_stm32f1xx.o(.data)
    .bss                                     0x2000002c   Section       72  encoder.o(.bss)
    .bss                                     0x20000074   Section      152  protocol.o(.bss)
    set_packet                               0x20000074   Data          11  protocol.o(.bss)
    parser                                   0x20000080   Data          12  protocol.o(.bss)
    recv_buf                                 0x2000008c   Data         128  protocol.o(.bss)
    .bss                                     0x2000010c   Section       72  basic_tim.o(.bss)
    .bss                                     0x20000154   Section       72  motor_tim.o(.bss)
    .bss                                     0x2000019c   Section       64  pid.o(.bss)
    .bss                                     0x200001dc   Section       72  serial_port.o(.bss)
    .bss                                     0x20000224   Section      216  tim.o(.bss)
    .bss                                     0x200002fc   Section       72  usart.o(.bss)
    .bss                                     0x20000344   Section       96  libspace.o(.bss)
    HEAP                                     0x200003a8   Section      512  startup_stm32f103xe.o(HEAP)
    Heap_Mem                                 0x200003a8   Data         512  startup_stm32f103xe.o(HEAP)
    STACK                                    0x200005a8   Section     1024  startup_stm32f103xe.o(STACK)
    Stack_Mem                                0x200005a8   Data        1024  startup_stm32f103xe.o(STACK)
    __initial_sp                             0x200009a8   Data           0  startup_stm32f103xe.o(STACK)

    Global Symbols

    Symbol Name                              Value     Ov Type        Size  Object(Section)

    BuildAttributes$$THM_ISAv4$P$D$K$B$S$PE$A:L22UL41UL21$X:L11$S22US41US21$IEEE1$IW$USESV6$~STKCKD$USESV7$~SHL$OTIME$ROPI$IEEEJ$EBA8$UX$STANDARDLIB$REQ8$PRES8$EABIv2 0x00000000   Number         0  anon$$obj.o ABSOLUTE
    __ARM_use_no_argv                        0x00000000   Number         0  main.o ABSOLUTE
    _printf_flags                            0x00000000   Number         0  printf_stubs.o ABSOLUTE
    _printf_return_value                     0x00000000   Number         0  printf_stubs.o ABSOLUTE
    _printf_sizespec                         0x00000000   Number         0  printf_stubs.o ABSOLUTE
    _printf_widthprec                        0x00000000   Number         0  printf_stubs.o ABSOLUTE
    __ARM_exceptions_init                     - Undefined Weak Reference
    __alloca_initialize                       - Undefined Weak Reference
    __arm_preinit_                            - Undefined Weak Reference
    __cpp_initialize__aeabi_                  - Undefined Weak Reference
    __cxa_finalize                            - Undefined Weak Reference
    __sigvec_lookup                           - Undefined Weak Reference
    _atexit_init                              - Undefined Weak Reference
    _call_atexit_fns                          - Undefined Weak Reference
    _clock_init                               - Undefined Weak Reference
    _fp_trap_init                             - Undefined Weak Reference
    _fp_trap_shutdown                         - Undefined Weak Reference
    _get_lc_collate                           - Undefined Weak Reference
    _get_lc_ctype                             - Undefined Weak Reference
    _get_lc_monetary                          - Undefined Weak Reference
    _get_lc_time                              - Undefined Weak Reference
    _getenv_init                              - Undefined Weak Reference
    _handle_redirection                       - Undefined Weak Reference
    _init_alloc                               - Undefined Weak Reference
    _init_user_alloc                          - Undefined Weak Reference
    _initio                                   - Undefined Weak Reference
    _mutex_acquire                            - Undefined Weak Reference
    _mutex_release                            - Undefined Weak Reference
    _printf_post_padding                      - Undefined Weak Reference
    _printf_pre_padding                       - Undefined Weak Reference
    _printf_truncate_signed                   - Undefined Weak Reference
    _printf_truncate_unsigned                 - Undefined Weak Reference
    _rand_init                                - Undefined Weak Reference
    _signal_finish                            - Undefined Weak Reference
    _signal_init                              - Undefined Weak Reference
    _terminate_alloc                          - Undefined Weak Reference
    _terminate_user_alloc                     - Undefined Weak Reference
    _terminateio                              - Undefined Weak Reference
    __Vectors_Size                           0x00000130   Number         0  startup_stm32f103xe.o ABSOLUTE
    __Vectors                                0x08000000   Data           4  startup_stm32f103xe.o(RESET)
    __Vectors_End                            0x08000130   Data           0  startup_stm32f103xe.o(RESET)
    __main                                   0x08000131   Thumb Code     8  __main.o(!!!main)
    __scatterload                            0x08000139   Thumb Code     0  __scatter.o(!!!scatter)
    __scatterload_rt2                        0x08000139   Thumb Code    44  __scatter.o(!!!scatter)
    __scatterload_rt2_thumb_only             0x08000139   Thumb Code     0  __scatter.o(!!!scatter)
    __scatterload_null                       0x08000147   Thumb Code     0  __scatter.o(!!!scatter)
    __scatterload_copy                       0x0800016d   Thumb Code    26  __scatter_copy.o(!!handler_copy)
    __scatterload_zeroinit                   0x08000189   Thumb Code    28  __scatter_zi.o(!!handler_zi)
    _printf_f                                0x080001a5   Thumb Code     0  _printf_f.o(.ARM.Collect$$_printf_percent$$00000003)
    _printf_percent                          0x080001a5   Thumb Code     0  _printf_percent.o(.ARM.Collect$$_printf_percent$$00000000)
    _printf_d                                0x080001ab   Thumb Code     0  _printf_d.o(.ARM.Collect$$_printf_percent$$00000009)
    _printf_percent_end                      0x080001b1   Thumb Code     0  _printf_percent_end.o(.ARM.Collect$$_printf_percent$$00000017)
    __rt_lib_init                            0x080001b5   Thumb Code     0  libinit.o(.ARM.Collect$$libinit$$00000000)
    __rt_lib_init_fp_1                       0x080001b7   Thumb Code     0  libinit2.o(.ARM.Collect$$libinit$$00000002)
    __rt_lib_init_heap_1                     0x080001b7   Thumb Code     0  libinit2.o(.ARM.Collect$$libinit$$0000000A)
    __rt_lib_init_lc_common                  0x080001b7   Thumb Code     0  libinit2.o(.ARM.Collect$$libinit$$0000000F)
    __rt_lib_init_preinit_1                  0x080001b7   Thumb Code     0  libinit2.o(.ARM.Collect$$libinit$$00000004)
    __rt_lib_init_rand_1                     0x080001b7   Thumb Code     0  libinit2.o(.ARM.Collect$$libinit$$0000000E)
    __rt_lib_init_user_alloc_1               0x080001b7   Thumb Code     0  libinit2.o(.ARM.Collect$$libinit$$0000000C)
    __rt_lib_init_lc_collate_1               0x080001bd   Thumb Code     0  libinit2.o(.ARM.Collect$$libinit$$00000011)
    __rt_lib_init_lc_ctype_1                 0x080001bd   Thumb Code     0  libinit2.o(.ARM.Collect$$libinit$$00000013)
    __rt_lib_init_lc_monetary_1              0x080001bd   Thumb Code     0  libinit2.o(.ARM.Collect$$libinit$$00000015)
    __rt_lib_init_lc_numeric_2               0x080001bd   Thumb Code     0  libinit2.o(.ARM.Collect$$libinit$$00000016)
    __rt_lib_init_alloca_1                   0x080001c7   Thumb Code     0  libinit2.o(.ARM.Collect$$libinit$$0000002E)
    __rt_lib_init_argv_1                     0x080001c7   Thumb Code     0  libinit2.o(.ARM.Collect$$libinit$$0000002C)
    __rt_lib_init_atexit_1                   0x080001c7   Thumb Code     0  libinit2.o(.ARM.Collect$$libinit$$0000001B)
    __rt_lib_init_clock_1                    0x080001c7   Thumb Code     0  libinit2.o(.ARM.Collect$$libinit$$00000021)
    __rt_lib_init_cpp_1                      0x080001c7   Thumb Code     0  libinit2.o(.ARM.Collect$$libinit$$00000032)
    __rt_lib_init_exceptions_1               0x080001c7   Thumb Code     0  libinit2.o(.ARM.Collect$$libinit$$00000030)
    __rt_lib_init_fp_trap_1                  0x080001c7   Thumb Code     0  libinit2.o(.ARM.Collect$$libinit$$0000001F)
    __rt_lib_init_getenv_1                   0x080001c7   Thumb Code     0  libinit2.o(.ARM.Collect$$libinit$$00000023)
    __rt_lib_init_lc_numeric_1               0x080001c7   Thumb Code     0  libinit2.o(.ARM.Collect$$libinit$$00000017)
    __rt_lib_init_lc_time_1                  0x080001c7   Thumb Code     0  libinit2.o(.ARM.Collect$$libinit$$00000019)
    __rt_lib_init_return                     0x080001c7   Thumb Code     0  libinit2.o(.ARM.Collect$$libinit$$00000033)
    __rt_lib_init_signal_1                   0x080001c7   Thumb Code     0  libinit2.o(.ARM.Collect$$libinit$$0000001D)
    __rt_lib_init_stdio_1                    0x080001c7   Thumb Code     0  libinit2.o(.ARM.Collect$$libinit$$00000025)
    __rt_lib_shutdown                        0x080001c9   Thumb Code     0  libshutdown.o(.ARM.Collect$$libshutdown$$00000000)
    __rt_lib_shutdown_fp_trap_1              0x080001cb   Thumb Code     0  libshutdown2.o(.ARM.Collect$$libshutdown$$00000006)
    __rt_lib_shutdown_heap_1                 0x080001cb   Thumb Code     0  libshutdown2.o(.ARM.Collect$$libshutdown$$0000000E)
    __rt_lib_shutdown_return                 0x080001cb   Thumb Code     0  libshutdown2.o(.ARM.Collect$$libshutdown$$0000000F)
    __rt_lib_shutdown_signal_1               0x080001cb   Thumb Code     0  libshutdown2.o(.ARM.Collect$$libshutdown$$00000009)
    __rt_lib_shutdown_stdio_1                0x080001cb   Thumb Code     0  libshutdown2.o(.ARM.Collect$$libshutdown$$00000003)
    __rt_lib_shutdown_user_alloc_1           0x080001cb   Thumb Code     0  libshutdown2.o(.ARM.Collect$$libshutdown$$0000000B)
    __rt_entry                               0x080001cd   Thumb Code     0  __rtentry.o(.ARM.Collect$$rtentry$$00000000)
    __rt_entry_presh_1                       0x080001cd   Thumb Code     0  __rtentry2.o(.ARM.Collect$$rtentry$$00000002)
    __rt_entry_sh                            0x080001cd   Thumb Code     0  __rtentry4.o(.ARM.Collect$$rtentry$$00000004)
    __rt_entry_li                            0x080001d3   Thumb Code     0  __rtentry2.o(.ARM.Collect$$rtentry$$0000000A)
    __rt_entry_postsh_1                      0x080001d3   Thumb Code     0  __rtentry2.o(.ARM.Collect$$rtentry$$00000009)
    __rt_entry_main                          0x080001d7   Thumb Code     0  __rtentry2.o(.ARM.Collect$$rtentry$$0000000D)
    __rt_entry_postli_1                      0x080001d7   Thumb Code     0  __rtentry2.o(.ARM.Collect$$rtentry$$0000000C)
    __rt_exit                                0x080001df   Thumb Code     0  rtexit.o(.ARM.Collect$$rtexit$$00000000)
    __rt_exit_ls                             0x080001e1   Thumb Code     0  rtexit2.o(.ARM.Collect$$rtexit$$00000003)
    __rt_exit_prels_1                        0x080001e1   Thumb Code     0  rtexit2.o(.ARM.Collect$$rtexit$$00000002)
    __rt_exit_exit                           0x080001e5   Thumb Code     0  rtexit2.o(.ARM.Collect$$rtexit$$00000004)
    Reset_Handler                            0x080001ed   Thumb Code     8  startup_stm32f103xe.o(.text)
    ADC1_2_IRQHandler                        0x08000207   Thumb Code     0  startup_stm32f103xe.o(.text)
    ADC3_IRQHandler                          0x08000207   Thumb Code     0  startup_stm32f103xe.o(.text)
    CAN1_RX1_IRQHandler                      0x08000207   Thumb Code     0  startup_stm32f103xe.o(.text)
    CAN1_SCE_IRQHandler                      0x08000207   Thumb Code     0  startup_stm32f103xe.o(.text)
    DMA1_Channel1_IRQHandler                 0x08000207   Thumb Code     0  startup_stm32f103xe.o(.text)
    DMA1_Channel2_IRQHandler                 0x08000207   Thumb Code     0  startup_stm32f103xe.o(.text)
    DMA1_Channel3_IRQHandler                 0x08000207   Thumb Code     0  startup_stm32f103xe.o(.text)
    DMA1_Channel4_IRQHandler                 0x08000207   Thumb Code     0  startup_stm32f103xe.o(.text)
    DMA1_Channel5_IRQHandler                 0x08000207   Thumb Code     0  startup_stm32f103xe.o(.text)
    DMA1_Channel6_IRQHandler                 0x08000207   Thumb Code     0  startup_stm32f103xe.o(.text)
    DMA1_Channel7_IRQHandler                 0x08000207   Thumb Code     0  startup_stm32f103xe.o(.text)
    DMA2_Channel1_IRQHandler                 0x08000207   Thumb Code     0  startup_stm32f103xe.o(.text)
    DMA2_Channel2_IRQHandler                 0x08000207   Thumb Code     0  startup_stm32f103xe.o(.text)
    DMA2_Channel3_IRQHandler                 0x08000207   Thumb Code     0  startup_stm32f103xe.o(.text)
    DMA2_Channel4_5_IRQHandler               0x08000207   Thumb Code     0  startup_stm32f103xe.o(.text)
    EXTI0_IRQHandler                         0x08000207   Thumb Code     0  startup_stm32f103xe.o(.text)
    EXTI15_10_IRQHandler                     0x08000207   Thumb Code     0  startup_stm32f103xe.o(.text)
    EXTI1_IRQHandler                         0x08000207   Thumb Code     0  startup_stm32f103xe.o(.text)
    EXTI2_IRQHandler                         0x08000207   Thumb Code     0  startup_stm32f103xe.o(.text)
    EXTI3_IRQHandler                         0x08000207   Thumb Code     0  startup_stm32f103xe.o(.text)
    EXTI4_IRQHandler                         0x08000207   Thumb Code     0  startup_stm32f103xe.o(.text)
    EXTI9_5_IRQHandler                       0x08000207   Thumb Code     0  startup_stm32f103xe.o(.text)
    FLASH_IRQHandler                         0x08000207   Thumb Code     0  startup_stm32f103xe.o(.text)
    FSMC_IRQHandler                          0x08000207   Thumb Code     0  startup_stm32f103xe.o(.text)
    I2C1_ER_IRQHandler                       0x08000207   Thumb Code     0  startup_stm32f103xe.o(.text)
    I2C1_EV_IRQHandler                       0x08000207   Thumb Code     0  startup_stm32f103xe.o(.text)
    I2C2_ER_IRQHandler                       0x08000207   Thumb Code     0  startup_stm32f103xe.o(.text)
    I2C2_EV_IRQHandler                       0x08000207   Thumb Code     0  startup_stm32f103xe.o(.text)
    PVD_IRQHandler                           0x08000207   Thumb Code     0  startup_stm32f103xe.o(.text)
    RCC_IRQHandler                           0x08000207   Thumb Code     0  startup_stm32f103xe.o(.text)
    RTC_Alarm_IRQHandler                     0x08000207   Thumb Code     0  startup_stm32f103xe.o(.text)
    RTC_IRQHandler                           0x08000207   Thumb Code     0  startup_stm32f103xe.o(.text)
    SDIO_IRQHandler                          0x08000207   Thumb Code     0  startup_stm32f103xe.o(.text)
    SPI1_IRQHandler                          0x08000207   Thumb Code     0  startup_stm32f103xe.o(.text)
    SPI2_IRQHandler                          0x08000207   Thumb Code     0  startup_stm32f103xe.o(.text)
    SPI3_IRQHandler                          0x08000207   Thumb Code     0  startup_stm32f103xe.o(.text)
    TAMPER_IRQHandler                        0x08000207   Thumb Code     0  startup_stm32f103xe.o(.text)
    TIM1_BRK_IRQHandler                      0x08000207   Thumb Code     0  startup_stm32f103xe.o(.text)
    TIM1_CC_IRQHandler                       0x08000207   Thumb Code     0  startup_stm32f103xe.o(.text)
    TIM1_TRG_COM_IRQHandler                  0x08000207   Thumb Code     0  startup_stm32f103xe.o(.text)
    TIM1_UP_IRQHandler                       0x08000207   Thumb Code     0  startup_stm32f103xe.o(.text)
    TIM2_IRQHandler                          0x08000207   Thumb Code     0  startup_stm32f103xe.o(.text)
    TIM3_IRQHandler                          0x08000207   Thumb Code     0  startup_stm32f103xe.o(.text)
    TIM5_IRQHandler                          0x08000207   Thumb Code     0  startup_stm32f103xe.o(.text)
    TIM7_IRQHandler                          0x08000207   Thumb Code     0  startup_stm32f103xe.o(.text)
    TIM8_BRK_IRQHandler                      0x08000207   Thumb Code     0  startup_stm32f103xe.o(.text)
    TIM8_CC_IRQHandler                       0x08000207   Thumb Code     0  startup_stm32f103xe.o(.text)
    TIM8_TRG_COM_IRQHandler                  0x08000207   Thumb Code     0  startup_stm32f103xe.o(.text)
    TIM8_UP_IRQHandler                       0x08000207   Thumb Code     0  startup_stm32f103xe.o(.text)
    UART4_IRQHandler                         0x08000207   Thumb Code     0  startup_stm32f103xe.o(.text)
    UART5_IRQHandler                         0x08000207   Thumb Code     0  startup_stm32f103xe.o(.text)
    USART2_IRQHandler                        0x08000207   Thumb Code     0  startup_stm32f103xe.o(.text)
    USART3_IRQHandler                        0x08000207   Thumb Code     0  startup_stm32f103xe.o(.text)
    USBWakeUp_IRQHandler                     0x08000207   Thumb Code     0  startup_stm32f103xe.o(.text)
    USB_HP_CAN1_TX_IRQHandler                0x08000207   Thumb Code     0  startup_stm32f103xe.o(.text)
    USB_LP_CAN1_RX0_IRQHandler               0x08000207   Thumb Code     0  startup_stm32f103xe.o(.text)
    WWDG_IRQHandler                          0x08000207   Thumb Code     0  startup_stm32f103xe.o(.text)
    __user_initial_stackheap                 0x08000209   Thumb Code     0  startup_stm32f103xe.o(.text)
    __use_no_semihosting                     0x0800022d   Thumb Code     2  use_no_semi_2.o(.text)
    __2printf                                0x08000231   Thumb Code    20  noretval__2printf.o(.text)
    _printf_int_dec                          0x08000249   Thumb Code   104  _printf_dec.o(.text)
    __printf                                 0x080002c1   Thumb Code   270  __printf_wp.o(.text)
    __aeabi_memcpy                           0x080003cf   Thumb Code     0  rt_memcpy_v6.o(.text)
    __rt_memcpy                              0x080003cf   Thumb Code   138  rt_memcpy_v6.o(.text)
    _memcpy_lastbytes                        0x08000435   Thumb Code     0  rt_memcpy_v6.o(.text)
    __aeabi_memclr4                          0x08000459   Thumb Code     0  rt_memclr_w.o(.text)
    __aeabi_memclr8                          0x08000459   Thumb Code     0  rt_memclr_w.o(.text)
    __rt_memclr_w                            0x08000459   Thumb Code    78  rt_memclr_w.o(.text)
    _memset_w                                0x0800045d   Thumb Code     0  rt_memclr_w.o(.text)
    __use_two_region_memory                  0x080004a7   Thumb Code     2  heapauxi.o(.text)
    __rt_heap_escrow$2region                 0x080004a9   Thumb Code     2  heapauxi.o(.text)
    __rt_heap_expand$2region                 0x080004ab   Thumb Code     2  heapauxi.o(.text)
    __I$use$semihosting                      0x080004ad   Thumb Code     0  use_no_semi.o(.text)
    __use_no_semihosting_swi                 0x080004ad   Thumb Code     2  use_no_semi.o(.text)
    _printf_int_common                       0x080004af   Thumb Code   178  _printf_intcommon.o(.text)
    __lib_sel_fp_printf                      0x08000561   Thumb Code     2  _printf_fp_dec.o(.text)
    _printf_fp_dec_real                      0x0800070f   Thumb Code   620  _printf_fp_dec.o(.text)
    _printf_char_file                        0x0800097d   Thumb Code    32  _printf_char_file.o(.text)
    __aeabi_memcpy4                          0x080009a1   Thumb Code     0  rt_memcpy_w.o(.text)
    __aeabi_memcpy8                          0x080009a1   Thumb Code     0  rt_memcpy_w.o(.text)
    __rt_memcpy_w                            0x080009a1   Thumb Code   100  rt_memcpy_w.o(.text)
    _memcpy_lastbytes_aligned                0x080009e9   Thumb Code     0  rt_memcpy_w.o(.text)
    __rt_locale                              0x08000a05   Thumb Code     8  rt_locale_intlibspace.o(.text)
    _ll_udiv10                               0x08000a0d   Thumb Code   138  lludiv10.o(.text)
    _printf_char_common                      0x08000aa3   Thumb Code    32  _printf_char_common.o(.text)
    _printf_fp_infnan                        0x08000ac9   Thumb Code   112  _printf_fp_infnan.o(.text)
    _btod_etento                             0x08000b49   Thumb Code   216  bigflt0.o(.text)
    ferror                                   0x08000c25   Thumb Code     8  ferror.o(.text)
    __user_libspace                          0x08000c2d   Thumb Code     8  libspace.o(.text)
    __user_perproc_libspace                  0x08000c2d   Thumb Code     0  libspace.o(.text)
    __user_perthread_libspace                0x08000c2d   Thumb Code     0  libspace.o(.text)
    __user_setup_stackheap                   0x08000c35   Thumb Code    74  sys_stackheap_outer.o(.text)
    exit                                     0x08000c7f   Thumb Code    12  exit.o(.text)
    strcmp                                   0x08000c8d   Thumb Code   128  strcmpv7m.o(.text)
    _btod_d2e                                0x08000d0d   Thumb Code    62  btod.o(CL$$btod_d2e)
    _d2e_denorm_low                          0x08000d4b   Thumb Code    70  btod.o(CL$$btod_d2e_denorm_low)
    _d2e_norm_op1                            0x08000d91   Thumb Code    96  btod.o(CL$$btod_d2e_norm_op1)
    __btod_div_common                        0x08000df1   Thumb Code   696  btod.o(CL$$btod_div_common)
    _e2e                                     0x08001129   Thumb Code   198  btod.o(CL$$btod_e2e)
    _btod_ediv                               0x080011ef   Thumb Code    40  btod.o(CL$$btod_ediv)
    _btod_emul                               0x08001217   Thumb Code    40  btod.o(CL$$btod_emul)
    __btod_mult_common                       0x0800123f   Thumb Code   580  btod.o(CL$$btod_mult_common)
    BusFault_Handler                         0x08001483   Thumb Code     2  stm32f1xx_it.o(i.BusFault_Handler)
    DEBUG_USART_Config                       0x08001485   Thumb Code    46  serial_port.o(i.DEBUG_USART_Config)
    DebugMon_Handler                         0x080014bd   Thumb Code     2  stm32f1xx_it.o(i.DebugMon_Handler)
    Encoder_Init                             0x0800152d   Thumb Code    14  encoder.o(i.Encoder_Init)
    Error_Handler                            0x0800153b   Thumb Code     4  main.o(i.Error_Handler)
    HAL_DMA_Abort                            0x0800153f   Thumb Code    70  stm32f1xx_hal_dma.o(i.HAL_DMA_Abort)
    HAL_DMA_Abort_IT                         0x08001585   Thumb Code   296  stm32f1xx_hal_dma.o(i.HAL_DMA_Abort_IT)
    HAL_GPIO_Init                            0x080016b5   Thumb Code   462  stm32f1xx_hal_gpio.o(i.HAL_GPIO_Init)
    HAL_GPIO_WritePin                        0x080018ad   Thumb Code    10  stm32f1xx_hal_gpio.o(i.HAL_GPIO_WritePin)
    HAL_GetTick                              0x080018b9   Thumb Code     6  stm32f1xx_hal.o(i.HAL_GetTick)
    HAL_IncTick                              0x080018c5   Thumb Code    12  stm32f1xx_hal.o(i.HAL_IncTick)
    HAL_Init                                 0x080018d5   Thumb Code    32  stm32f1xx_hal.o(i.HAL_Init)
    HAL_InitTick                             0x080018f9   Thumb Code    54  stm32f1xx_hal.o(i.HAL_InitTick)
    HAL_MspInit                              0x08001939   Thumb Code    52  stm32f1xx_hal_msp.o(i.HAL_MspInit)
    HAL_NVIC_EnableIRQ                       0x08001975   Thumb Code    26  stm32f1xx_hal_cortex.o(i.HAL_NVIC_EnableIRQ)
    HAL_NVIC_SetPriority                     0x08001991   Thumb Code    60  stm32f1xx_hal_cortex.o(i.HAL_NVIC_SetPriority)
    HAL_NVIC_SetPriorityGrouping             0x080019d1   Thumb Code    26  stm32f1xx_hal_cortex.o(i.HAL_NVIC_SetPriorityGrouping)
    HAL_NVIC_SystemReset                     0x080019f5   Thumb Code    26  stm32f1xx_hal_cortex.o(i.HAL_NVIC_SystemReset)
    HAL_RCC_ClockConfig                      0x08001a19   Thumb Code   280  stm32f1xx_hal_rcc.o(i.HAL_RCC_ClockConfig)
    HAL_RCC_GetPCLK1Freq                     0x08001b45   Thumb Code    20  stm32f1xx_hal_rcc.o(i.HAL_RCC_GetPCLK1Freq)
    HAL_RCC_GetPCLK2Freq                     0x08001b65   Thumb Code    20  stm32f1xx_hal_rcc.o(i.HAL_RCC_GetPCLK2Freq)
    HAL_RCC_GetSysClockFreq                  0x08001b85   Thumb Code    58  stm32f1xx_hal_rcc.o(i.HAL_RCC_GetSysClockFreq)
    HAL_RCC_OscConfig                        0x08001bd1   Thumb Code   778  stm32f1xx_hal_rcc.o(i.HAL_RCC_OscConfig)
    HAL_SYSTICK_Config                       0x08001ef1   Thumb Code    40  stm32f1xx_hal_cortex.o(i.HAL_SYSTICK_Config)
    HAL_TIMEx_BreakCallback                  0x08001f19   Thumb Code     2  stm32f1xx_hal_tim_ex.o(i.HAL_TIMEx_BreakCallback)
    HAL_TIMEx_CommutCallback                 0x08001f1b   Thumb Code     2  stm32f1xx_hal_tim_ex.o(i.HAL_TIMEx_CommutCallback)
    HAL_TIMEx_ConfigBreakDeadTime            0x08001f1d   Thumb Code    84  stm32f1xx_hal_tim_ex.o(i.HAL_TIMEx_ConfigBreakDeadTime)
    HAL_TIMEx_MasterConfigSynchronization    0x08001f71   Thumb Code   104  stm32f1xx_hal_tim_ex.o(i.HAL_TIMEx_MasterConfigSynchronization)
    HAL_TIM_Base_Init                        0x08001fed   Thumb Code    90  stm32f1xx_hal_tim.o(i.HAL_TIM_Base_Init)
    HAL_TIM_Base_MspInit                     0x08002049   Thumb Code   108  tim.o(i.HAL_TIM_Base_MspInit)
    HAL_TIM_Base_Start_IT                    0x080020c5   Thumb Code    88  stm32f1xx_hal_tim.o(i.HAL_TIM_Base_Start_IT)
    HAL_TIM_ConfigClockSource                0x08002131   Thumb Code   220  stm32f1xx_hal_tim.o(i.HAL_TIM_ConfigClockSource)
    HAL_TIM_Encoder_Init                     0x0800220d   Thumb Code   164  stm32f1xx_hal_tim.o(i.HAL_TIM_Encoder_Init)
    HAL_TIM_Encoder_MspInit                  0x080022b1   Thumb Code     2  stm32f1xx_hal_tim.o(i.HAL_TIM_Encoder_MspInit)
    HAL_TIM_Encoder_Start                    0x080022b3   Thumb Code   142  stm32f1xx_hal_tim.o(i.HAL_TIM_Encoder_Start)
    HAL_TIM_IC_CaptureCallback               0x08002341   Thumb Code     2  stm32f1xx_hal_tim.o(i.HAL_TIM_IC_CaptureCallback)
    HAL_TIM_IRQHandler                       0x08002343   Thumb Code   358  stm32f1xx_hal_tim.o(i.HAL_TIM_IRQHandler)
    HAL_TIM_MspPostInit                      0x080024a9   Thumb Code   134  tim.o(i.HAL_TIM_MspPostInit)
    HAL_TIM_OC_ConfigChannel                 0x08002549   Thumb Code    82  stm32f1xx_hal_tim.o(i.HAL_TIM_OC_ConfigChannel)
    HAL_TIM_OC_DelayElapsedCallback          0x0800259b   Thumb Code     2  stm32f1xx_hal_tim.o(i.HAL_TIM_OC_DelayElapsedCallback)
    HAL_TIM_OC_Init                          0x0800259d   Thumb Code    90  stm32f1xx_hal_tim.o(i.HAL_TIM_OC_Init)
    HAL_TIM_OC_MspInit                       0x080025f7   Thumb Code     2  stm32f1xx_hal_tim.o(i.HAL_TIM_OC_MspInit)
    HAL_TIM_PWM_ConfigChannel                0x080025f9   Thumb Code   204  stm32f1xx_hal_tim.o(i.HAL_TIM_PWM_ConfigChannel)
    HAL_TIM_PWM_Init                         0x080026c5   Thumb Code    90  stm32f1xx_hal_tim.o(i.HAL_TIM_PWM_Init)
    HAL_TIM_PWM_MspInit                      0x0800271f   Thumb Code     2  stm32f1xx_hal_tim.o(i.HAL_TIM_PWM_MspInit)
    HAL_TIM_PWM_PulseFinishedCallback        0x08002721   Thumb Code     2  stm32f1xx_hal_tim.o(i.HAL_TIM_PWM_PulseFinishedCallback)
    HAL_TIM_PWM_Start                        0x08002725   Thumb Code   160  stm32f1xx_hal_tim.o(i.HAL_TIM_PWM_Start)
    HAL_TIM_PWM_Stop                         0x080027d9   Thumb Code   114  stm32f1xx_hal_tim.o(i.HAL_TIM_PWM_Stop)
    HAL_TIM_PeriodElapsedCallback            0x08002855   Thumb Code    38  stm32f1xx_it.o(i.HAL_TIM_PeriodElapsedCallback)
    HAL_TIM_TriggerCallback                  0x08002889   Thumb Code     2  stm32f1xx_hal_tim.o(i.HAL_TIM_TriggerCallback)
    HAL_UARTEx_RxEventCallback               0x0800288b   Thumb Code     2  stm32f1xx_hal_uart.o(i.HAL_UARTEx_RxEventCallback)
    HAL_UART_ErrorCallback                   0x0800288d   Thumb Code     2  stm32f1xx_hal_uart.o(i.HAL_UART_ErrorCallback)
    HAL_UART_IRQHandler                      0x08002891   Thumb Code   616  stm32f1xx_hal_uart.o(i.HAL_UART_IRQHandler)
    HAL_UART_Init                            0x08002afd   Thumb Code   100  stm32f1xx_hal_uart.o(i.HAL_UART_Init)
    HAL_UART_MspInit                         0x08002b61   Thumb Code   116  usart.o(i.HAL_UART_MspInit)
    HAL_UART_RxCpltCallback                  0x08002be1   Thumb Code     2  stm32f1xx_hal_uart.o(i.HAL_UART_RxCpltCallback)
    HAL_UART_TxCpltCallback                  0x08002be3   Thumb Code     2  stm32f1xx_hal_uart.o(i.HAL_UART_TxCpltCallback)
    HardFault_Handler                        0x08002be5   Thumb Code     2  stm32f1xx_it.o(i.HardFault_Handler)
    MX_GPIO_Init                             0x08002be9   Thumb Code   116  gpio.o(i.MX_GPIO_Init)
    MX_TIM1_Init                             0x08002c65   Thumb Code   204  tim.o(i.MX_TIM1_Init)
    MX_TIM4_Init                             0x08002d39   Thumb Code   156  tim.o(i.MX_TIM4_Init)
    MX_TIM6_Init                             0x08002ddd   Thumb Code    58  tim.o(i.MX_TIM6_Init)
    MX_USART1_UART_Init                      0x08002e21   Thumb Code    48  usart.o(i.MX_USART1_UART_Init)
    MemManage_Handler                        0x08002e59   Thumb Code     2  stm32f1xx_it.o(i.MemManage_Handler)
    Motor_TIMx_Configuration                 0x08002e5d   Thumb Code   100  motor_tim.o(i.Motor_TIMx_Configuration)
    NMI_Handler                              0x08002ecd   Thumb Code     2  stm32f1xx_it.o(i.NMI_Handler)
    PID_param_init                           0x08002ed1   Thumb Code    50  pid.o(i.PID_param_init)
    PendSV_Handler                           0x08002f19   Thumb Code     2  stm32f1xx_it.o(i.PendSV_Handler)
    SVC_Handler                              0x08002f1b   Thumb Code     2  stm32f1xx_it.o(i.SVC_Handler)
    SysTick_Handler                          0x08002f1d   Thumb Code     4  stm32f1xx_it.o(i.SysTick_Handler)
    SystemClock_Config                       0x08002f21   Thumb Code    94  main.o(i.SystemClock_Config)
    SystemInit                               0x08002f7f   Thumb Code     2  system_stm32f1xx.o(i.SystemInit)
    TIM1_SetPWM_pulse                        0x08002f81   Thumb Code    34  motor_tim.o(i.TIM1_SetPWM_pulse)
    TIM4_IRQHandler                          0x08002fa9   Thumb Code     6  stm32f1xx_it.o(i.TIM4_IRQHandler)
    TIM6_IRQHandler                          0x08002fb5   Thumb Code     6  stm32f1xx_it.o(i.TIM6_IRQHandler)
    TIM_Base_SetConfig                       0x08002fc1   Thumb Code   120  stm32f1xx_hal_tim.o(i.TIM_Base_SetConfig)
    TIM_CCxChannelCmd                        0x0800304d   Thumb Code    26  stm32f1xx_hal_tim.o(i.TIM_CCxChannelCmd)
    TIM_ETR_SetConfig                        0x08003067   Thumb Code    20  stm32f1xx_hal_tim.o(i.TIM_ETR_SetConfig)
    TIM_OC2_SetConfig                        0x0800317d   Thumb Code    98  stm32f1xx_hal_tim.o(i.TIM_OC2_SetConfig)
    TIMx_Configuration                       0x08003369   Thumb Code    74  basic_tim.o(i.TIMx_Configuration)
    USART1_IRQHandler                        0x08003599   Thumb Code    36  stm32f1xx_it.o(i.USART1_IRQHandler)
    UsageFault_Handler                       0x080035c5   Thumb Code     2  stm32f1xx_it.o(i.UsageFault_Handler)
    __ARM_fpclassify                         0x080035c7   Thumb Code    40  fpclassify.o(i.__ARM_fpclassify)
    _is_digit                                0x0800360f   Thumb Code    14  __printf_wp.o(i._is_digit)
    _sys_exit                                0x0800361d   Thumb Code     2  serial_port.o(i._sys_exit)
    check_sum                                0x08003621   Thumb Code    20  protocol.o(i.check_sum)
    fputc                                    0x08003635   Thumb Code    18  serial_port.o(i.fputc)
    get_pid_target                           0x0800364d   Thumb Code     4  pid.o(i.get_pid_target)
    location_pid_realize                     0x08003651   Thumb Code   100  pid.o(i.location_pid_realize)
    main                                     0x080036bd   Thumb Code   104  main.o(i.main)
    motor_init                               0x0800372d   Thumb Code    52  motor.o(i.motor_init)
    motor_pid_control                        0x08003769   Thumb Code   250  motor.o(i.motor_pid_control)
    protocol_data_recv                       0x080038d1   Thumb Code    82  protocol.o(i.protocol_data_recv)
    protocol_init                            0x08003ae1   Thumb Code    20  protocol.o(i.protocol_init)
    receiving_process                        0x08003af9   Thumb Code   214  protocol.o(i.receiving_process)
    set_motor_direction                      0x08003bf9   Thumb Code    40  motor.o(i.set_motor_direction)
    set_motor_disable                        0x08003c25   Thumb Code    40  motor.o(i.set_motor_disable)
    set_motor_enable                         0x08003c59   Thumb Code    38  motor.o(i.set_motor_enable)
    set_motor_speed                          0x08003c8d   Thumb Code    26  motor.o(i.set_motor_speed)
    set_p_i_d                                0x08003cad   Thumb Code     8  pid.o(i.set_p_i_d)
    set_pid_target                           0x08003cb5   Thumb Code     4  pid.o(i.set_pid_target)
    speed_pid_realize                        0x08003cb9   Thumb Code    98  pid.o(i.speed_pid_realize)
    _get_lc_numeric                          0x08003d25   Thumb Code    44  lc_numeric_c.o(locale$$code)
    __aeabi_ddiv                             0x08003d51   Thumb Code     0  ddiv.o(x$fpl$ddiv)
    _ddiv                                    0x08003d51   Thumb Code   552  ddiv.o(x$fpl$ddiv)
    __aeabi_d2iz                             0x08004001   Thumb Code     0  dfix.o(x$fpl$dfix)
    _dfix                                    0x08004001   Thumb Code    94  dfix.o(x$fpl$dfix)
    __fpl_dnaninf                            0x0800405f   Thumb Code   156  dnaninf.o(x$fpl$dnaninf)
    __fpl_dretinf                            0x080040fb   Thumb Code    12  dretinf.o(x$fpl$dretinf)
    __aeabi_f2d                              0x08004109   Thumb Code     0  f2d.o(x$fpl$f2d)
    _f2d                                     0x08004109   Thumb Code    86  f2d.o(x$fpl$f2d)
    __aeabi_fadd                             0x08004161   Thumb Code     0  faddsub_clz.o(x$fpl$fadd)
    _fadd                                    0x08004161   Thumb Code   196  faddsub_clz.o(x$fpl$fadd)
    __aeabi_fdiv                             0x08004225   Thumb Code     0  fdiv.o(x$fpl$fdiv)
    _fdiv                                    0x08004225   Thumb Code   384  fdiv.o(x$fpl$fdiv)
    __aeabi_f2uiz                            0x080043a9   Thumb Code     0  ffixu.o(x$fpl$ffixu)
    _ffixu                                   0x080043a9   Thumb Code    62  ffixu.o(x$fpl$ffixu)
    __aeabi_i2f                              0x080043e9   Thumb Code     0  fflt_clz.o(x$fpl$fflt)
    _fflt                                    0x080043e9   Thumb Code    48  fflt_clz.o(x$fpl$fflt)
    __aeabi_ui2f                             0x08004419   Thumb Code     0  fflt_clz.o(x$fpl$ffltu)
    _ffltu                                   0x08004419   Thumb Code    38  fflt_clz.o(x$fpl$ffltu)
    __aeabi_fmul                             0x08004441   Thumb Code     0  fmul.o(x$fpl$fmul)
    _fmul                                    0x08004441   Thumb Code   258  fmul.o(x$fpl$fmul)
    __fpl_fnaninf                            0x08004543   Thumb Code   140  fnaninf.o(x$fpl$fnaninf)
    __fpl_fretinf                            0x080045cf   Thumb Code    10  fretinf.o(x$fpl$fretinf)
    __aeabi_fsub                             0x080045d9   Thumb Code     0  faddsub_clz.o(x$fpl$fsub)
    _fsub                                    0x080045d9   Thumb Code   234  faddsub_clz.o(x$fpl$fsub)
    _printf_fp_dec                           0x080046c3   Thumb Code     4  printf1.o(x$fpl$printf1)
    __I$use$fp                               0x080046c6   Number         0  usenofp.o(x$fpl$usenofp)
    AHBPrescTable                            0x080046d8   Data          16  system_stm32f1xx.o(.constdata)
    APBPrescTable                            0x080046e8   Data           8  system_stm32f1xx.o(.constdata)
    Region$$Table$$Base                      0x08004784   Number         0  anon$$obj.o(Region$$Table)
    Region$$Table$$Limit                     0x080047a4   Number         0  anon$$obj.o(Region$$Table)
    Encoder_Overflow_Count                   0x20000000   Data           2  encoder.o(.data)
    __stdout                                 0x20000014   Data           4  serial_port.o(.data)
    dr                                       0x20000018   Data           1  stm32f1xx_it.o(.data)
    sr_status                                0x20000019   Data           1  stm32f1xx_it.o(.data)
    uwTickFreq                               0x2000001c   Data           1  stm32f1xx_hal.o(.data)
    uwTickPrio                               0x20000020   Data           4  stm32f1xx_hal.o(.data)
    uwTick                                   0x20000024   Data           4  stm32f1xx_hal.o(.data)
    SystemCoreClock                          0x20000028   Data           4  system_stm32f1xx.o(.data)
    TIM_EncoderHandle                        0x2000002c   Data          72  encoder.o(.bss)
    TIM_TimeBaseStructure                    0x2000010c   Data          72  basic_tim.o(.bss)
    DCM_TimeBaseStructure                    0x20000154   Data          72  motor_tim.o(.bss)
    pid_location                             0x2000019c   Data          32  pid.o(.bss)
    pid_speed                                0x200001bc   Data          32  pid.o(.bss)
    UartHandle                               0x200001dc   Data          72  serial_port.o(.bss)
    htim1                                    0x20000224   Data          72  tim.o(.bss)
    htim4                                    0x2000026c   Data          72  tim.o(.bss)
    htim6                                    0x200002b4   Data          72  tim.o(.bss)
    huart1                                   0x200002fc   Data          72  usart.o(.bss)
    __libspace_start                         0x20000344   Data          96  libspace.o(.bss)
    __temporary_stack_top$libspace           0x200003a4   Data           0  libspace.o(.bss)



==============================================================================

Memory Map of the image

  Image Entry point : 0x08000131

  Load Region LR_IROM1 (Base: 0x08000000, Size: 0x000047ec, Max: 0x00080000, ABSOLUTE)

    Execution Region ER_IROM1 (Base: 0x08000000, Size: 0x000047c0, Max: 0x00080000, ABSOLUTE)

    Base Addr    Size         Type   Attr      Idx    E Section Name        Object

    0x08000000   0x00000130   Data   RO            3    RESET               startup_stm32f103xe.o
    0x08000130   0x00000008   Code   RO         3221  * !!!main             c_w.l(__main.o)
    0x08000138   0x00000034   Code   RO         3478    !!!scatter          c_w.l(__scatter.o)
    0x0800016c   0x0000001a   Code   RO         3480    !!handler_copy      c_w.l(__scatter_copy.o)
    0x08000186   0x00000002   PAD
    0x08000188   0x0000001c   Code   RO         3482    !!handler_zi        c_w.l(__scatter_zi.o)
    0x080001a4   0x00000000   Code   RO         3214    .ARM.Collect$$_printf_percent$$00000000  c_w.l(_printf_percent.o)
    0x080001a4   0x00000006   Code   RO         3213    .ARM.Collect$$_printf_percent$$00000003  c_w.l(_printf_f.o)
    0x080001aa   0x00000006   Code   RO         3212    .ARM.Collect$$_printf_percent$$00000009  c_w.l(_printf_d.o)
    0x080001b0   0x00000004   Code   RO         3266    .ARM.Collect$$_printf_percent$$00000017  c_w.l(_printf_percent_end.o)
    0x080001b4   0x00000002   Code   RO         3356    .ARM.Collect$$libinit$$00000000  c_w.l(libinit.o)
    0x080001b6   0x00000000   Code   RO         3358    .ARM.Collect$$libinit$$00000002  c_w.l(libinit2.o)
    0x080001b6   0x00000000   Code   RO         3360    .ARM.Collect$$libinit$$00000004  c_w.l(libinit2.o)
    0x080001b6   0x00000000   Code   RO         3363    .ARM.Collect$$libinit$$0000000A  c_w.l(libinit2.o)
    0x080001b6   0x00000000   Code   RO         3365    .ARM.Collect$$libinit$$0000000C  c_w.l(libinit2.o)
    0x080001b6   0x00000000   Code   RO         3367    .ARM.Collect$$libinit$$0000000E  c_w.l(libinit2.o)
    0x080001b6   0x00000006   Code   RO         3368    .ARM.Collect$$libinit$$0000000F  c_w.l(libinit2.o)
    0x080001bc   0x00000000   Code   RO         3370    .ARM.Collect$$libinit$$00000011  c_w.l(libinit2.o)
    0x080001bc   0x00000000   Code   RO         3372    .ARM.Collect$$libinit$$00000013  c_w.l(libinit2.o)
    0x080001bc   0x00000000   Code   RO         3374    .ARM.Collect$$libinit$$00000015  c_w.l(libinit2.o)
    0x080001bc   0x0000000a   Code   RO         3375    .ARM.Collect$$libinit$$00000016  c_w.l(libinit2.o)
    0x080001c6   0x00000000   Code   RO         3376    .ARM.Collect$$libinit$$00000017  c_w.l(libinit2.o)
    0x080001c6   0x00000000   Code   RO         3378    .ARM.Collect$$libinit$$00000019  c_w.l(libinit2.o)
    0x080001c6   0x00000000   Code   RO         3380    .ARM.Collect$$libinit$$0000001B  c_w.l(libinit2.o)
    0x080001c6   0x00000000   Code   RO         3382    .ARM.Collect$$libinit$$0000001D  c_w.l(libinit2.o)
    0x080001c6   0x00000000   Code   RO         3384    .ARM.Collect$$libinit$$0000001F  c_w.l(libinit2.o)
    0x080001c6   0x00000000   Code   RO         3386    .ARM.Collect$$libinit$$00000021  c_w.l(libinit2.o)
    0x080001c6   0x00000000   Code   RO         3388    .ARM.Collect$$libinit$$00000023  c_w.l(libinit2.o)
    0x080001c6   0x00000000   Code   RO         3390    .ARM.Collect$$libinit$$00000025  c_w.l(libinit2.o)
    0x080001c6   0x00000000   Code   RO         3394    .ARM.Collect$$libinit$$0000002C  c_w.l(libinit2.o)
    0x080001c6   0x00000000   Code   RO         3396    .ARM.Collect$$libinit$$0000002E  c_w.l(libinit2.o)
    0x080001c6   0x00000000   Code   RO         3398    .ARM.Collect$$libinit$$00000030  c_w.l(libinit2.o)
    0x080001c6   0x00000000   Code   RO         3400    .ARM.Collect$$libinit$$00000032  c_w.l(libinit2.o)
    0x080001c6   0x00000002   Code   RO         3401    .ARM.Collect$$libinit$$00000033  c_w.l(libinit2.o)
    0x080001c8   0x00000002   Code   RO         3429    .ARM.Collect$$libshutdown$$00000000  c_w.l(libshutdown.o)
    0x080001ca   0x00000000   Code   RO         3439    .ARM.Collect$$libshutdown$$00000003  c_w.l(libshutdown2.o)
    0x080001ca   0x00000000   Code   RO         3442    .ARM.Collect$$libshutdown$$00000006  c_w.l(libshutdown2.o)
    0x080001ca   0x00000000   Code   RO         3445    .ARM.Collect$$libshutdown$$00000009  c_w.l(libshutdown2.o)
    0x080001ca   0x00000000   Code   RO         3447    .ARM.Collect$$libshutdown$$0000000B  c_w.l(libshutdown2.o)
    0x080001ca   0x00000000   Code   RO         3450    .ARM.Collect$$libshutdown$$0000000E  c_w.l(libshutdown2.o)
    0x080001ca   0x00000002   Code   RO         3451    .ARM.Collect$$libshutdown$$0000000F  c_w.l(libshutdown2.o)
    0x080001cc   0x00000000   Code   RO         3259    .ARM.Collect$$rtentry$$00000000  c_w.l(__rtentry.o)
    0x080001cc   0x00000000   Code   RO         3279    .ARM.Collect$$rtentry$$00000002  c_w.l(__rtentry2.o)
    0x080001cc   0x00000006   Code   RO         3291    .ARM.Collect$$rtentry$$00000004  c_w.l(__rtentry4.o)
    0x080001d2   0x00000000   Code   RO         3281    .ARM.Collect$$rtentry$$00000009  c_w.l(__rtentry2.o)
    0x080001d2   0x00000004   Code   RO         3282    .ARM.Collect$$rtentry$$0000000A  c_w.l(__rtentry2.o)
    0x080001d6   0x00000000   Code   RO         3284    .ARM.Collect$$rtentry$$0000000C  c_w.l(__rtentry2.o)
    0x080001d6   0x00000008   Code   RO         3285    .ARM.Collect$$rtentry$$0000000D  c_w.l(__rtentry2.o)
    0x080001de   0x00000002   Code   RO         3402    .ARM.Collect$$rtexit$$00000000  c_w.l(rtexit.o)
    0x080001e0   0x00000000   Code   RO         3409    .ARM.Collect$$rtexit$$00000002  c_w.l(rtexit2.o)
    0x080001e0   0x00000004   Code   RO         3410    .ARM.Collect$$rtexit$$00000003  c_w.l(rtexit2.o)
    0x080001e4   0x00000006   Code   RO         3411    .ARM.Collect$$rtexit$$00000004  c_w.l(rtexit2.o)
    0x080001ea   0x00000002   PAD
    0x080001ec   0x00000040   Code   RO            4    .text               startup_stm32f103xe.o
    0x0800022c   0x00000002   Code   RO         3180    .text               c_w.l(use_no_semi_2.o)
    0x0800022e   0x00000002   PAD
    0x08000230   0x00000018   Code   RO         3186    .text               c_w.l(noretval__2printf.o)
    0x08000248   0x00000078   Code   RO         3190    .text               c_w.l(_printf_dec.o)
    0x080002c0   0x0000010e   Code   RO         3200    .text               c_w.l(__printf_wp.o)
    0x080003ce   0x0000008a   Code   RO         3215    .text               c_w.l(rt_memcpy_v6.o)
    0x08000458   0x0000004e   Code   RO         3217    .text               c_w.l(rt_memclr_w.o)
    0x080004a6   0x00000006   Code   RO         3219    .text               c_w.l(heapauxi.o)
    0x080004ac   0x00000002   Code   RO         3257    .text               c_w.l(use_no_semi.o)
    0x080004ae   0x000000b2   Code   RO         3260    .text               c_w.l(_printf_intcommon.o)
    0x08000560   0x0000041a   Code   RO         3262    .text               c_w.l(_printf_fp_dec.o)
    0x0800097a   0x00000002   PAD
    0x0800097c   0x00000024   Code   RO         3264    .text               c_w.l(_printf_char_file.o)
    0x080009a0   0x00000064   Code   RO         3267    .text               c_w.l(rt_memcpy_w.o)
    0x08000a04   0x00000008   Code   RO         3296    .text               c_w.l(rt_locale_intlibspace.o)
    0x08000a0c   0x0000008a   Code   RO         3298    .text               c_w.l(lludiv10.o)
    0x08000a96   0x00000002   PAD
    0x08000a98   0x00000030   Code   RO         3300    .text               c_w.l(_printf_char_common.o)
    0x08000ac8   0x00000080   Code   RO         3302    .text               c_w.l(_printf_fp_infnan.o)
    0x08000b48   0x000000dc   Code   RO         3304    .text               c_w.l(bigflt0.o)
    0x08000c24   0x00000008   Code   RO         3329    .text               c_w.l(ferror.o)
    0x08000c2c   0x00000008   Code   RO         3340    .text               c_w.l(libspace.o)
    0x08000c34   0x0000004a   Code   RO         3343    .text               c_w.l(sys_stackheap_outer.o)
    0x08000c7e   0x0000000c   Code   RO         3347    .text               c_w.l(exit.o)
    0x08000c8a   0x00000002   PAD
    0x08000c8c   0x00000080   Code   RO         3349    .text               c_w.l(strcmpv7m.o)
    0x08000d0c   0x0000003e   Code   RO         3307    CL$$btod_d2e        c_w.l(btod.o)
    0x08000d4a   0x00000046   Code   RO         3309    CL$$btod_d2e_denorm_low  c_w.l(btod.o)
    0x08000d90   0x00000060   Code   RO         3308    CL$$btod_d2e_norm_op1  c_w.l(btod.o)
    0x08000df0   0x00000338   Code   RO         3317    CL$$btod_div_common  c_w.l(btod.o)
    0x08001128   0x000000c6   Code   RO         3314    CL$$btod_e2e        c_w.l(btod.o)
    0x080011ee   0x00000028   Code   RO         3311    CL$$btod_ediv       c_w.l(btod.o)
    0x08001216   0x00000028   Code   RO         3310    CL$$btod_emul       c_w.l(btod.o)
    0x0800123e   0x00000244   Code   RO         3316    CL$$btod_mult_common  c_w.l(btod.o)
    0x08001482   0x00000002   Code   RO          667    i.BusFault_Handler  stm32f1xx_it.o
    0x08001484   0x00000038   Code   RO          435    i.DEBUG_USART_Config  serial_port.o
    0x080014bc   0x00000002   Code   RO          668    i.DebugMon_Handler  stm32f1xx_it.o
    0x080014be   0x00000002   PAD
    0x080014c0   0x0000006c   Code   RO           13    i.Encoder_GPIO_Init  encoder.o
    0x0800152c   0x0000000e   Code   RO           14    i.Encoder_Init      encoder.o
    0x0800153a   0x00000004   Code   RO          494    i.Error_Handler     main.o
    0x0800153e   0x00000046   Code   RO         2184    i.HAL_DMA_Abort     stm32f1xx_hal_dma.o
    0x08001584   0x00000130   Code   RO         2185    i.HAL_DMA_Abort_IT  stm32f1xx_hal_dma.o
    0x080016b4   0x000001f8   Code   RO         2120    i.HAL_GPIO_Init     stm32f1xx_hal_gpio.o
    0x080018ac   0x0000000a   Code   RO         2124    i.HAL_GPIO_WritePin  stm32f1xx_hal_gpio.o
    0x080018b6   0x00000002   PAD
    0x080018b8   0x0000000c   Code   RO         1814    i.HAL_GetTick       stm32f1xx_hal.o
    0x080018c4   0x00000010   Code   RO         1820    i.HAL_IncTick       stm32f1xx_hal.o
    0x080018d4   0x00000024   Code   RO         1821    i.HAL_Init          stm32f1xx_hal.o
    0x080018f8   0x00000040   Code   RO         1822    i.HAL_InitTick      stm32f1xx_hal.o
    0x08001938   0x0000003c   Code   RO          770    i.HAL_MspInit       stm32f1xx_hal_msp.o
    0x08001974   0x0000001a   Code   RO         2280    i.HAL_NVIC_EnableIRQ  stm32f1xx_hal_cortex.o
    0x0800198e   0x00000002   PAD
    0x08001990   0x00000040   Code   RO         2286    i.HAL_NVIC_SetPriority  stm32f1xx_hal_cortex.o
    0x080019d0   0x00000024   Code   RO         2287    i.HAL_NVIC_SetPriorityGrouping  stm32f1xx_hal_cortex.o
    0x080019f4   0x00000024   Code   RO         2288    i.HAL_NVIC_SystemReset  stm32f1xx_hal_cortex.o
    0x08001a18   0x0000012c   Code   RO         1978    i.HAL_RCC_ClockConfig  stm32f1xx_hal_rcc.o
    0x08001b44   0x00000020   Code   RO         1985    i.HAL_RCC_GetPCLK1Freq  stm32f1xx_hal_rcc.o
    0x08001b64   0x00000020   Code   RO         1986    i.HAL_RCC_GetPCLK2Freq  stm32f1xx_hal_rcc.o
    0x08001b84   0x0000004c   Code   RO         1987    i.HAL_RCC_GetSysClockFreq  stm32f1xx_hal_rcc.o
    0x08001bd0   0x00000320   Code   RO         1990    i.HAL_RCC_OscConfig  stm32f1xx_hal_rcc.o
    0x08001ef0   0x00000028   Code   RO         2291    i.HAL_SYSTICK_Config  stm32f1xx_hal_cortex.o
    0x08001f18   0x00000002   Code   RO         1536    i.HAL_TIMEx_BreakCallback  stm32f1xx_hal_tim_ex.o
    0x08001f1a   0x00000002   Code   RO         1537    i.HAL_TIMEx_CommutCallback  stm32f1xx_hal_tim_ex.o
    0x08001f1c   0x00000054   Code   RO         1539    i.HAL_TIMEx_ConfigBreakDeadTime  stm32f1xx_hal_tim_ex.o
    0x08001f70   0x0000007c   Code   RO         1555    i.HAL_TIMEx_MasterConfigSynchronization  stm32f1xx_hal_tim_ex.o
    0x08001fec   0x0000005a   Code   RO          832    i.HAL_TIM_Base_Init  stm32f1xx_hal_tim.o
    0x08002046   0x00000002   PAD
    0x08002048   0x0000007c   Code   RO          566    i.HAL_TIM_Base_MspInit  tim.o
    0x080020c4   0x0000006c   Code   RO          837    i.HAL_TIM_Base_Start_IT  stm32f1xx_hal_tim.o
    0x08002130   0x000000dc   Code   RO          841    i.HAL_TIM_ConfigClockSource  stm32f1xx_hal_tim.o
    0x0800220c   0x000000a4   Code   RO          853    i.HAL_TIM_Encoder_Init  stm32f1xx_hal_tim.o
    0x080022b0   0x00000002   Code   RO          855    i.HAL_TIM_Encoder_MspInit  stm32f1xx_hal_tim.o
    0x080022b2   0x0000008e   Code   RO          856    i.HAL_TIM_Encoder_Start  stm32f1xx_hal_tim.o
    0x08002340   0x00000002   Code   RO          866    i.HAL_TIM_IC_CaptureCallback  stm32f1xx_hal_tim.o
    0x08002342   0x00000166   Code   RO          880    i.HAL_TIM_IRQHandler  stm32f1xx_hal_tim.o
    0x080024a8   0x000000a0   Code   RO          567    i.HAL_TIM_MspPostInit  tim.o
    0x08002548   0x00000052   Code   RO          881    i.HAL_TIM_OC_ConfigChannel  stm32f1xx_hal_tim.o
    0x0800259a   0x00000002   Code   RO          883    i.HAL_TIM_OC_DelayElapsedCallback  stm32f1xx_hal_tim.o
    0x0800259c   0x0000005a   Code   RO          885    i.HAL_TIM_OC_Init   stm32f1xx_hal_tim.o
    0x080025f6   0x00000002   Code   RO          887    i.HAL_TIM_OC_MspInit  stm32f1xx_hal_tim.o
    0x080025f8   0x000000cc   Code   RO          904    i.HAL_TIM_PWM_ConfigChannel  stm32f1xx_hal_tim.o
    0x080026c4   0x0000005a   Code   RO          907    i.HAL_TIM_PWM_Init  stm32f1xx_hal_tim.o
    0x0800271e   0x00000002   Code   RO          909    i.HAL_TIM_PWM_MspInit  stm32f1xx_hal_tim.o
    0x08002720   0x00000002   Code   RO          910    i.HAL_TIM_PWM_PulseFinishedCallback  stm32f1xx_hal_tim.o
    0x08002722   0x00000002   PAD
    0x08002724   0x000000b4   Code   RO          912    i.HAL_TIM_PWM_Start  stm32f1xx_hal_tim.o
    0x080027d8   0x0000007c   Code   RO          915    i.HAL_TIM_PWM_Stop  stm32f1xx_hal_tim.o
    0x08002854   0x00000034   Code   RO          669    i.HAL_TIM_PeriodElapsedCallback  stm32f1xx_it.o
    0x08002888   0x00000002   Code   RO          923    i.HAL_TIM_TriggerCallback  stm32f1xx_hal_tim.o
    0x0800288a   0x00000002   Code   RO         2792    i.HAL_UARTEx_RxEventCallback  stm32f1xx_hal_uart.o
    0x0800288c   0x00000002   Code   RO         2806    i.HAL_UART_ErrorCallback  stm32f1xx_hal_uart.o
    0x0800288e   0x00000002   PAD
    0x08002890   0x0000026c   Code   RO         2809    i.HAL_UART_IRQHandler  stm32f1xx_hal_uart.o
    0x08002afc   0x00000064   Code   RO         2810    i.HAL_UART_Init     stm32f1xx_hal_uart.o
    0x08002b60   0x00000080   Code   RO          626    i.HAL_UART_MspInit  usart.o
    0x08002be0   0x00000002   Code   RO         2816    i.HAL_UART_RxCpltCallback  stm32f1xx_hal_uart.o
    0x08002be2   0x00000002   Code   RO         2821    i.HAL_UART_TxCpltCallback  stm32f1xx_hal_uart.o
    0x08002be4   0x00000002   Code   RO          670    i.HardFault_Handler  stm32f1xx_it.o
    0x08002be6   0x00000002   PAD
    0x08002be8   0x0000007c   Code   RO          541    i.MX_GPIO_Init      gpio.o
    0x08002c64   0x000000d4   Code   RO          568    i.MX_TIM1_Init      tim.o
    0x08002d38   0x000000a4   Code   RO          569    i.MX_TIM4_Init      tim.o
    0x08002ddc   0x00000044   Code   RO          570    i.MX_TIM6_Init      tim.o
    0x08002e20   0x00000038   Code   RO          627    i.MX_USART1_UART_Init  usart.o
    0x08002e58   0x00000002   Code   RO          671    i.MemManage_Handler  stm32f1xx_it.o
    0x08002e5a   0x00000002   PAD
    0x08002e5c   0x00000070   Code   RO          334    i.Motor_TIMx_Configuration  motor_tim.o
    0x08002ecc   0x00000002   Code   RO          672    i.NMI_Handler       stm32f1xx_it.o
    0x08002ece   0x00000002   PAD
    0x08002ed0   0x00000048   Code   RO          375    i.PID_param_init    pid.o
    0x08002f18   0x00000002   Code   RO          673    i.PendSV_Handler    stm32f1xx_it.o
    0x08002f1a   0x00000002   Code   RO          674    i.SVC_Handler       stm32f1xx_it.o
    0x08002f1c   0x00000004   Code   RO          675    i.SysTick_Handler   stm32f1xx_it.o
    0x08002f20   0x0000005e   Code   RO          495    i.SystemClock_Config  main.o
    0x08002f7e   0x00000002   Code   RO         3144    i.SystemInit        system_stm32f1xx.o
    0x08002f80   0x00000028   Code   RO          335    i.TIM1_SetPWM_pulse  motor_tim.o
    0x08002fa8   0x0000000c   Code   RO          676    i.TIM4_IRQHandler   stm32f1xx_it.o
    0x08002fb4   0x0000000c   Code   RO          677    i.TIM6_IRQHandler   stm32f1xx_it.o
    0x08002fc0   0x0000008c   Code   RO          925    i.TIM_Base_SetConfig  stm32f1xx_hal_tim.o
    0x0800304c   0x0000001a   Code   RO          926    i.TIM_CCxChannelCmd  stm32f1xx_hal_tim.o
    0x08003066   0x00000014   Code   RO          936    i.TIM_ETR_SetConfig  stm32f1xx_hal_tim.o
    0x0800307a   0x00000002   PAD
    0x0800307c   0x00000090   Code   RO           15    i.TIM_Encoder_Init  encoder.o
    0x0800310c   0x00000010   Code   RO          937    i.TIM_ITRx_SetConfig  stm32f1xx_hal_tim.o
    0x0800311c   0x00000060   Code   RO          938    i.TIM_OC1_SetConfig  stm32f1xx_hal_tim.o
    0x0800317c   0x0000006c   Code   RO          939    i.TIM_OC2_SetConfig  stm32f1xx_hal_tim.o
    0x080031e8   0x00000068   Code   RO          940    i.TIM_OC3_SetConfig  stm32f1xx_hal_tim.o
    0x08003250   0x00000050   Code   RO          941    i.TIM_OC4_SetConfig  stm32f1xx_hal_tim.o
    0x080032a0   0x00000080   Code   RO          336    i.TIM_PWMOUTPUT_Config  motor_tim.o
    0x08003320   0x00000022   Code   RO          943    i.TIM_TI1_ConfigInputStage  stm32f1xx_hal_tim.o
    0x08003342   0x00000024   Code   RO          945    i.TIM_TI2_ConfigInputStage  stm32f1xx_hal_tim.o
    0x08003366   0x00000002   PAD
    0x08003368   0x00000058   Code   RO          301    i.TIMx_Configuration  basic_tim.o
    0x080033c0   0x00000010   Code   RO         2823    i.UART_DMAAbortOnError  stm32f1xx_hal_uart.o
    0x080033d0   0x0000004e   Code   RO         2833    i.UART_EndRxTransfer  stm32f1xx_hal_uart.o
    0x0800341e   0x000000c2   Code   RO         2835    i.UART_Receive_IT   stm32f1xx_hal_uart.o
    0x080034e0   0x000000b8   Code   RO         2836    i.UART_SetConfig    stm32f1xx_hal_uart.o
    0x08003598   0x0000002c   Code   RO          678    i.USART1_IRQHandler  stm32f1xx_it.o
    0x080035c4   0x00000002   Code   RO          679    i.UsageFault_Handler  stm32f1xx_it.o
    0x080035c6   0x00000028   Code   RO         3338    i.__ARM_fpclassify  m_ws.l(fpclassify.o)
    0x080035ee   0x00000020   Code   RO         2293    i.__NVIC_SetPriority  stm32f1xx_hal_cortex.o
    0x0800360e   0x0000000e   Code   RO         3202    i._is_digit         c_w.l(__printf_wp.o)
    0x0800361c   0x00000002   Code   RO          438    i._sys_exit         serial_port.o
    0x0800361e   0x00000002   PAD
    0x08003620   0x00000014   Code   RO          235    i.check_sum         protocol.o
    0x08003634   0x00000018   Code   RO          439    i.fputc             serial_port.o
    0x0800364c   0x00000004   Code   RO          376    i.get_pid_target    pid.o
    0x08003650   0x0000006c   Code   RO          377    i.location_pid_realize  pid.o
    0x080036bc   0x00000070   Code   RO          496    i.main              main.o
    0x0800372c   0x0000003c   Code   RO          156    i.motor_init        motor.o
    0x08003768   0x00000168   Code   RO          157    i.motor_pid_control  motor.o
    0x080038d0   0x00000058   Code   RO          236    i.protocol_data_recv  protocol.o
    0x08003928   0x000001b8   Code   RO          237    i.protocol_frame_parse  protocol.o
    0x08003ae0   0x00000018   Code   RO          238    i.protocol_init     protocol.o
    0x08003af8   0x000000e4   Code   RO          239    i.receiving_process  protocol.o
    0x08003bdc   0x0000001a   Code   RO          240    i.recvbuf_get_len_to_parse  protocol.o
    0x08003bf6   0x00000002   PAD
    0x08003bf8   0x0000002c   Code   RO          158    i.set_motor_direction  motor.o
    0x08003c24   0x00000034   Code   RO          159    i.set_motor_disable  motor.o
    0x08003c58   0x00000034   Code   RO          160    i.set_motor_enable  motor.o
    0x08003c8c   0x00000020   Code   RO          161    i.set_motor_speed   motor.o
    0x08003cac   0x00000008   Code   RO          378    i.set_p_i_d         pid.o
    0x08003cb4   0x00000004   Code   RO          379    i.set_pid_target    pid.o
    0x08003cb8   0x0000006c   Code   RO          380    i.speed_pid_realize  pid.o
    0x08003d24   0x0000002c   Code   RO         3334    locale$$code        c_w.l(lc_numeric_c.o)
    0x08003d50   0x000002b0   Code   RO         3224    x$fpl$ddiv          fz_ws.l(ddiv.o)
    0x08004000   0x0000005e   Code   RO         3227    x$fpl$dfix          fz_ws.l(dfix.o)
    0x0800405e   0x0000009c   Code   RO         3269    x$fpl$dnaninf       fz_ws.l(dnaninf.o)
    0x080040fa   0x0000000c   Code   RO         3271    x$fpl$dretinf       fz_ws.l(dretinf.o)
    0x08004106   0x00000002   PAD
    0x08004108   0x00000056   Code   RO         3231    x$fpl$f2d           fz_ws.l(f2d.o)
    0x0800415e   0x00000002   PAD
    0x08004160   0x000000c4   Code   RO         3233    x$fpl$fadd          fz_ws.l(faddsub_clz.o)
    0x08004224   0x00000184   Code   RO         3240    x$fpl$fdiv          fz_ws.l(fdiv.o)
    0x080043a8   0x0000003e   Code   RO         3243    x$fpl$ffixu         fz_ws.l(ffixu.o)
    0x080043e6   0x00000002   PAD
    0x080043e8   0x00000030   Code   RO         3248    x$fpl$fflt          fz_ws.l(fflt_clz.o)
    0x08004418   0x00000026   Code   RO         3247    x$fpl$ffltu         fz_ws.l(fflt_clz.o)
    0x0800443e   0x00000002   PAD
    0x08004440   0x00000102   Code   RO         3253    x$fpl$fmul          fz_ws.l(fmul.o)
    0x08004542   0x0000008c   Code   RO         3273    x$fpl$fnaninf       fz_ws.l(fnaninf.o)
    0x080045ce   0x0000000a   Code   RO         3275    x$fpl$fretinf       fz_ws.l(fretinf.o)
    0x080045d8   0x000000ea   Code   RO         3235    x$fpl$fsub          fz_ws.l(faddsub_clz.o)
    0x080046c2   0x00000004   Code   RO         3255    x$fpl$printf1       fz_ws.l(printf1.o)
    0x080046c6   0x00000000   Code   RO         3277    x$fpl$usenofp       fz_ws.l(usenofp.o)
    0x080046c6   0x00000012   Data   RO         1991    .constdata          stm32f1xx_hal_rcc.o
    0x080046d8   0x00000010   Data   RO         3145    .constdata          system_stm32f1xx.o
    0x080046e8   0x00000008   Data   RO         3146    .constdata          system_stm32f1xx.o
    0x080046f0   0x00000094   Data   RO         3305    .constdata          c_w.l(bigflt0.o)
    0x08004784   0x00000020   Data   RO         3476    Region$$Table       anon$$obj.o
    0x080047a4   0x0000001c   Data   RO         3333    locale$$data        c_w.l(lc_numeric_c.o)


    Execution Region RW_IRAM1 (Base: 0x20000000, Size: 0x000009a8, Max: 0x00010000, ABSOLUTE)

    Base Addr    Size         Type   Attr      Idx    E Section Name        Object

    0x20000000   0x00000002   Data   RW           17    .data               encoder.o
    0x20000002   0x00000002   PAD
    0x20000004   0x00000010   Data   RW          162    .data               motor.o
    0x20000014   0x00000004   Data   RW          441    .data               serial_port.o
    0x20000018   0x00000002   Data   RW          680    .data               stm32f1xx_it.o
    0x2000001a   0x00000002   PAD
    0x2000001c   0x0000000c   Data   RW         1828    .data               stm32f1xx_hal.o
    0x20000028   0x00000004   Data   RW         3147    .data               system_stm32f1xx.o
    0x2000002c   0x00000048   Zero   RW           16    .bss                encoder.o
    0x20000074   0x00000098   Zero   RW          242    .bss                protocol.o
    0x2000010c   0x00000048   Zero   RW          302    .bss                basic_tim.o
    0x20000154   0x00000048   Zero   RW          337    .bss                motor_tim.o
    0x2000019c   0x00000040   Zero   RW          381    .bss                pid.o
    0x200001dc   0x00000048   Zero   RW          440    .bss                serial_port.o
    0x20000224   0x000000d8   Zero   RW          571    .bss                tim.o
    0x200002fc   0x00000048   Zero   RW          628    .bss                usart.o
    0x20000344   0x00000060   Zero   RW         3341    .bss                c_w.l(libspace.o)
    0x200003a4   0x00000004   PAD
    0x200003a8   0x00000200   Zero   RW            2    HEAP                startup_stm32f103xe.o
    0x200005a8   0x00000400   Zero   RW            1    STACK               startup_stm32f103xe.o


==============================================================================

Image component sizes


      Code (inc. data)   RO Data    RW Data    ZI Data      Debug   Object Name

        88         14          0          0         72       1229   basic_tim.o
       266         24          0          2         72     487902   encoder.o
       124          8          0          0          0        887   gpio.o
       210          8          0          0          0       2024   main.o
       600        154          0         16          0       4984   motor.o
       280         32          0          0         72       2395   motor_tim.o
       304         40          0          0         64       3783   pid.o
       826         34          0          0        152       7098   protocol.o
        82         16          0          4         72       3158   serial_port.o
        64         26        304          0       1536        792   startup_stm32f103xe.o
       128         24          0         12          0       5745   stm32f1xx_hal.o
       234         24          0          0          0      29046   stm32f1xx_hal_cortex.o
       374          8          0          0          0       1691   stm32f1xx_hal_dma.o
       514         42          0          0          0       2520   stm32f1xx_hal_gpio.o
        60          8          0          0          0        810   stm32f1xx_hal_msp.o
      1240         84         18          0          0       4760   stm32f1xx_hal_rcc.o
      2526        106          0          0          0      19368   stm32f1xx_hal_tim.o
       212         20          0          0          0       3001   stm32f1xx_hal_tim_ex.o
      1200         10          0          0          0       7264   stm32f1xx_hal_uart.o
       140         34          0          2          0       6206   stm32f1xx_it.o
         2          0         24          4          0       1039   system_stm32f1xx.o
       728         68          0          0        216       3626   tim.o
       184         20          0          0         72       1558   usart.o

    ----------------------------------------------------------------------
     10412        804        378         44       2328     600886   Object Totals
         0          0         32          0          0          0   (incl. Generated)
        26          0          0          4          0          0   (incl. Padding)

    ----------------------------------------------------------------------

      Code (inc. data)   RO Data    RW Data    ZI Data      Debug   Library Member Name

         8          0          0          0          0         68   __main.o
       284          0          0          0          0        156   __printf_wp.o
         0          0          0          0          0          0   __rtentry.o
        12          0          0          0          0          0   __rtentry2.o
         6          0          0          0          0          0   __rtentry4.o
        52          8          0          0          0          0   __scatter.o
        26          0          0          0          0          0   __scatter_copy.o
        28          0          0          0          0          0   __scatter_zi.o
        48          6          0          0          0         96   _printf_char_common.o
        36          4          0          0          0         80   _printf_char_file.o
         6          0          0          0          0          0   _printf_d.o
       120         16          0          0          0         92   _printf_dec.o
         6          0          0          0          0          0   _printf_f.o
      1050          0          0          0          0        216   _printf_fp_dec.o
       128         16          0          0          0         84   _printf_fp_infnan.o
       178          0          0          0          0         88   _printf_intcommon.o
         0          0          0          0          0          0   _printf_percent.o
         4          0          0          0          0          0   _printf_percent_end.o
       220          4        148          0          0         96   bigflt0.o
      1910        128          0          0          0        672   btod.o
        12          0          0          0          0         72   exit.o
         8          0          0          0          0         68   ferror.o
         6          0          0          0          0        152   heapauxi.o
        44         10         28          0          0         76   lc_numeric_c.o
         2          0          0          0          0          0   libinit.o
        18          0          0          0          0          0   libinit2.o
         2          0          0          0          0          0   libshutdown.o
         2          0          0          0          0          0   libshutdown2.o
         8          4          0          0         96         68   libspace.o
       138          0          0          0          0         80   lludiv10.o
        24          4          0          0          0         84   noretval__2printf.o
         8          4          0          0          0         68   rt_locale_intlibspace.o
        78          0          0          0          0         80   rt_memclr_w.o
       138          0          0          0          0         68   rt_memcpy_v6.o
       100          0          0          0          0         80   rt_memcpy_w.o
         2          0          0          0          0          0   rtexit.o
        10          0          0          0          0          0   rtexit2.o
       128          0          0          0          0         68   strcmpv7m.o
        74          0          0          0          0         80   sys_stackheap_outer.o
         2          0          0          0          0         68   use_no_semi.o
         2          0          0          0          0         68   use_no_semi_2.o
       688        140          0          0          0        208   ddiv.o
        94          4          0          0          0         92   dfix.o
       156          4          0          0          0         92   dnaninf.o
        12          0          0          0          0         68   dretinf.o
        86          4          0          0          0         84   f2d.o
       430          8          0          0          0        168   faddsub_clz.o
       388         76          0          0          0         96   fdiv.o
        62          4          0          0          0         84   ffixu.o
        86          0          0          0          0        136   fflt_clz.o
       258          4          0          0          0         84   fmul.o
       140          4          0          0          0         84   fnaninf.o
        10          0          0          0          0         68   fretinf.o
         4          0          0          0          0         68   printf1.o
         0          0          0          0          0          0   usenofp.o
        40          0          0          0          0         68   fpclassify.o

    ----------------------------------------------------------------------
      7402        452        176          0        100       4228   Library Totals
        20          0          0          0          4          0   (incl. Padding)

    ----------------------------------------------------------------------

      Code (inc. data)   RO Data    RW Data    ZI Data      Debug   Library Name

      4928        204        176          0         96       2828   c_w.l
      2414        248          0          0          0       1332   fz_ws.l
        40          0          0          0          0         68   m_ws.l

    ----------------------------------------------------------------------
      7402        452        176          0        100       4228   Library Totals

    ----------------------------------------------------------------------

==============================================================================


      Code (inc. data)   RO Data    RW Data    ZI Data      Debug   

     17814       1256        554         44       2428     596998   Grand Totals
     17814       1256        554         44       2428     596998   ELF Image Totals
     17814       1256        554         44          0          0   ROM Totals

==============================================================================

    Total RO  Size (Code + RO Data)                18368 (  17.94kB)
    Total RW  Size (RW Data + ZI Data)              2472 (   2.41kB)
    Total ROM Size (Code + RO Data + RW Data)      18412 (  17.98kB)

==============================================================================

